******************************************************************************
                  MSP430 Linker PC v21.6.1                     
******************************************************************************
>> Linked Mon Feb 24 13:28:08 2025

OUTPUT FILE NAME:   <PIXIE_MSP430.out>
ENTRY POINT SYMBOL: "_c_int00_noargs"  address: 00004a40


MEMORY CONFIGURATION

         name            origin    length      used     unused   attr    fill
----------------------  --------  ---------  --------  --------  ----  --------
  SFR                   00000000   00000010  00000000  00000010  RWIX
  PERIPHERALS_8BIT      00000010   000000f0  00000000  000000f0  RWIX
  PERIPHERALS_16BIT     00000100   00000100  00000000  00000100  RWIX
  INFOD                 00001800   00000080  00000000  00000080  RWIX
  INFOC                 00001880   00000080  00000000  00000080  RWIX
  INFOB                 00001900   00000080  00000000  00000080  RWIX
  INFOA                 00001980   00000080  00000000  00000080  RWIX
  USBRAM                00001c00   00000800  00000000  00000800  RWIX
  RAM                   00002400   00002000  00000962  0000169e  RWIX
  FLASH                 00004400   0000bb80  00000e6a  0000ad16  RWIX
  INT00                 0000ff80   00000002  00000000  00000002  RWIX
  INT01                 0000ff82   00000002  00000000  00000002  RWIX
  INT02                 0000ff84   00000002  00000000  00000002  RWIX
  INT03                 0000ff86   00000002  00000000  00000002  RWIX
  INT04                 0000ff88   00000002  00000000  00000002  RWIX
  INT05                 0000ff8a   00000002  00000000  00000002  RWIX
  INT06                 0000ff8c   00000002  00000000  00000002  RWIX
  INT07                 0000ff8e   00000002  00000000  00000002  RWIX
  INT08                 0000ff90   00000002  00000000  00000002  RWIX
  INT09                 0000ff92   00000002  00000000  00000002  RWIX
  INT10                 0000ff94   00000002  00000000  00000002  RWIX
  INT11                 0000ff96   00000002  00000000  00000002  RWIX
  INT12                 0000ff98   00000002  00000000  00000002  RWIX
  INT13                 0000ff9a   00000002  00000000  00000002  RWIX
  INT14                 0000ff9c   00000002  00000000  00000002  RWIX
  INT15                 0000ff9e   00000002  00000000  00000002  RWIX
  INT16                 0000ffa0   00000002  00000000  00000002  RWIX
  INT17                 0000ffa2   00000002  00000000  00000002  RWIX
  INT18                 0000ffa4   00000002  00000000  00000002  RWIX
  INT19                 0000ffa6   00000002  00000000  00000002  RWIX
  INT20                 0000ffa8   00000002  00000000  00000002  RWIX
  INT21                 0000ffaa   00000002  00000000  00000002  RWIX
  INT22                 0000ffac   00000002  00000000  00000002  RWIX
  INT23                 0000ffae   00000002  00000000  00000002  RWIX
  INT24                 0000ffb0   00000002  00000000  00000002  RWIX
  INT25                 0000ffb2   00000002  00000000  00000002  RWIX
  INT26                 0000ffb4   00000002  00000000  00000002  RWIX
  INT27                 0000ffb6   00000002  00000000  00000002  RWIX
  INT28                 0000ffb8   00000002  00000000  00000002  RWIX
  INT29                 0000ffba   00000002  00000000  00000002  RWIX
  INT30                 0000ffbc   00000002  00000000  00000002  RWIX
  INT31                 0000ffbe   00000002  00000000  00000002  RWIX
  INT32                 0000ffc0   00000002  00000000  00000002  RWIX
  INT33                 0000ffc2   00000002  00000000  00000002  RWIX
  INT34                 0000ffc4   00000002  00000000  00000002  RWIX
  INT35                 0000ffc6   00000002  00000000  00000002  RWIX
  INT36                 0000ffc8   00000002  00000000  00000002  RWIX
  INT37                 0000ffca   00000002  00000002  00000000  RWIX
  INT38                 0000ffcc   00000002  00000002  00000000  RWIX
  INT39                 0000ffce   00000002  00000002  00000000  RWIX
  INT40                 0000ffd0   00000002  00000002  00000000  RWIX
  INT41                 0000ffd2   00000002  00000002  00000000  RWIX
  INT42                 0000ffd4   00000002  00000002  00000000  RWIX
  INT43                 0000ffd6   00000002  00000002  00000000  RWIX
  INT44                 0000ffd8   00000002  00000002  00000000  RWIX
  INT45                 0000ffda   00000002  00000002  00000000  RWIX
  INT46                 0000ffdc   00000002  00000002  00000000  RWIX
  INT47                 0000ffde   00000002  00000002  00000000  RWIX
  INT48                 0000ffe0   00000002  00000002  00000000  RWIX
  INT49                 0000ffe2   00000002  00000002  00000000  RWIX
  INT50                 0000ffe4   00000002  00000002  00000000  RWIX
  INT51                 0000ffe6   00000002  00000002  00000000  RWIX
  INT52                 0000ffe8   00000002  00000002  00000000  RWIX
  INT53                 0000ffea   00000002  00000002  00000000  RWIX
  INT54                 0000ffec   00000002  00000002  00000000  RWIX
  INT55                 0000ffee   00000002  00000002  00000000  RWIX
  INT56                 0000fff0   00000002  00000002  00000000  RWIX
  INT57                 0000fff2   00000002  00000002  00000000  RWIX
  INT58                 0000fff4   00000002  00000002  00000000  RWIX
  INT59                 0000fff6   00000002  00000002  00000000  RWIX
  INT60                 0000fff8   00000002  00000002  00000000  RWIX
  INT61                 0000fffa   00000002  00000002  00000000  RWIX
  INT62                 0000fffc   00000002  00000002  00000000  RWIX
  RESET                 0000fffe   00000002  00000002  00000000  RWIX
  FLASH2                00010000   000143f8  000097d6  0000ac22  RWIX


SECTION ALLOCATION MAP

 output                                  attributes/
section   page    origin      length       input sections
--------  ----  ----------  ----------   ----------------
.data      0    00002400    0000056e     UNINITIALIZED
                  00002400    00000400     main.obj (.data:MAIN_ADCBuffer)
                  00002800    00000042     uart.obj (.data:UART1_Input)
                  00002842    00000042     uart.obj (.data:UART1_Output)
                  00002884    00000040     main.obj (.data:MAIN_LockInXRef)
                  000028c4    00000040     main.obj (.data:MAIN_LockInYRef)
                  00002904    00000030     main.obj (.data)
                  00002934    00000014     channels.obj (.data:CH_Channels)
                  00002948    0000000e     cmd.obj (.data:CMD_Command)
                  00002956    0000000c     main.obj (.data:MAIN_CurrentTime)
                  00002962    00000004     channels.obj (.data)
                  00002966    00000004     rts430x_lc_rd_eabi.lib : strtok.c.obj (.data)
                  0000296a    00000002                            : errno.c.obj (.data)
                  0000296c    00000002     state.obj (.data)

.bss       0    0000296e    00000354     UNINITIALIZED
                  0000296e    000001a8     (.common:CH_ChannelSequence)
                  00002b16    0000006a     (.common:ChannelFour)
                  00002b80    0000006a     (.common:ChannelOne)
                  00002bea    0000006a     (.common:ChannelThree)
                  00002c54    0000006a     (.common:ChannelTwo)
                  00002cbe    00000002     (.common:CH_RunCycles)
                  00002cc0    00000002     (.common:CH_RunExclusions)

.stack     0    00004360    000000a0     UNINITIALIZED
                  00004360    00000004     rts430x_lc_rd_eabi.lib : boot.c.obj (.stack)
                  00004364    0000009c     --HOLE--

.text:_isr 
*          0    00004400    00000664     
                  00004400    000005aa     main.obj (.text:_isr:DMA_ISR)
                  000049aa    00000002     --HOLE-- [fill = 0]
                  000049ac    0000005c     uart.obj (.text:_isr:USCI_A1_ISR)
                  00004a08    00000038     main.obj (.text:_isr:RTCISR)
                  00004a40    0000001c     rts430x_lc_rd_eabi.lib : boot.c.obj (.text:_isr:_c_int00_noargs)
                  00004a5c    00000008                            : isr_trap.asm.obj (.text:_isr:__TI_ISR_TRAP)

.cinit     0    00005226    00000044     
                  00005226    00000021     (.cinit..data.load) [load image, compression = lzss]
                  00005247    00000001     --HOLE-- [fill = 0]
                  00005248    0000000c     (__TI_handler_table)
                  00005254    00000006     (.cinit..bss.load) [load image, compression = zero_init]
                  0000525a    00000010     (__TI_cinit_table)

.binit     0    00004400    00000000     

.init_array 
*          0    00004400    00000000     UNINITIALIZED

.const     0    00004a64    000007c2     
                  00004a64    00000436     main.obj (.const:.string)
                  00004e9a    00000101     rts430x_lc_rd_eabi.lib : ctype.c.obj (.const:.string:_ctypes_)
                  00004f9b    00000001     --HOLE-- [fill = 0]
                  00004f9c    00000080                            : strtod.c.obj (.const:digits$68)
                  0000501c    0000007e     <whole-program> (.const:.string)
                  0000509a    00000048     rts430x_lc_rd_eabi.lib : strtod.c.obj (.const:powerof10$68)
                  000050e2    00000040     sineref.obj (.const:SINE_cosDAC)
                  00005122    00000040     sineref.obj (.const:SINE_sinDAC)
                  00005162    00000026     rts430x_lc_rd_eabi.lib : _printfi.c.obj (.const:.string)
                  00005188    00000020     sineref.obj (.const:SINE_cosADC)
                  000051a8    00000020     sineref.obj (.const:SINE_sinADC)
                  000051c8    00000018     pixie.obj (.const)
                  000051e0    00000010     state.obj (.const)
                  000051f0    00000008     pixie.obj (.const:PIXIE_SequenceAttenuation)
                  000051f8    00000008     pixie.obj (.const:PIXIE_SequenceGain)
                  00005200    00000008     pixie.obj (.const:PIXIE_SequenceID)
                  00005208    00000008     pixie.obj (.const:PIXIE_SequencePregain)
                  00005210    00000008     pixie.obj (.const:PIXIE_SequenceSeqCycles)
                  00005218    00000007     rts430x_lc_rd_eabi.lib : _scanfi.c.obj (.const:.string:flit$1$36)
                  0000521f    00000001     --HOLE-- [fill = 0]
                  00005220    00000006                            : _scanfi.c.obj (.const:.string:barr$2$36)

PORT4      0    0000ffca    00000002     
                  0000ffca    00000002     rts430x_lc_rd_eabi.lib : int37.asm.obj (.int37)

PORT3      0    0000ffcc    00000002     
                  0000ffcc    00000002     rts430x_lc_rd_eabi.lib : int38.asm.obj (.int38)

TIMER2_A1 
*          0    0000ffce    00000002     
                  0000ffce    00000002     rts430x_lc_rd_eabi.lib : int39.asm.obj (.int39)

TIMER2_A0 
*          0    0000ffd0    00000002     
                  0000ffd0    00000002     rts430x_lc_rd_eabi.lib : int40.asm.obj (.int40)

DAC12      0    0000ffd2    00000002     
                  0000ffd2    00000002     rts430x_lc_rd_eabi.lib : int41.asm.obj (.int41)

RTC        0    0000ffd4    00000002     
                  0000ffd4    00000002     main.obj (.int42)

LCD_B      0    0000ffd6    00000002     
                  0000ffd6    00000002     rts430x_lc_rd_eabi.lib : int43.asm.obj (.int43)

PORT2      0    0000ffd8    00000002     
                  0000ffd8    00000002     rts430x_lc_rd_eabi.lib : int44.asm.obj (.int44)

USCI_B1    0    0000ffda    00000002     
                  0000ffda    00000002     rts430x_lc_rd_eabi.lib : int45.asm.obj (.int45)

USCI_A1    0    0000ffdc    00000002     
                  0000ffdc    00000002     <whole-program> (.int46)

PORT1      0    0000ffde    00000002     
                  0000ffde    00000002     rts430x_lc_rd_eabi.lib : int47.asm.obj (.int47)

TIMER1_A1 
*          0    0000ffe0    00000002     
                  0000ffe0    00000002     rts430x_lc_rd_eabi.lib : int48.asm.obj (.int48)

TIMER1_A0 
*          0    0000ffe2    00000002     
                  0000ffe2    00000002     rts430x_lc_rd_eabi.lib : int49.asm.obj (.int49)

DMA        0    0000ffe4    00000002     
                  0000ffe4    00000002     main.obj (.int50)

USB_UBM    0    0000ffe6    00000002     
                  0000ffe6    00000002     rts430x_lc_rd_eabi.lib : int51.asm.obj (.int51)

TIMER0_A1 
*          0    0000ffe8    00000002     
                  0000ffe8    00000002     rts430x_lc_rd_eabi.lib : int52.asm.obj (.int52)

TIMER0_A0 
*          0    0000ffea    00000002     
                  0000ffea    00000002     rts430x_lc_rd_eabi.lib : int53.asm.obj (.int53)

CTSD16     0    0000ffec    00000002     
                  0000ffec    00000002     rts430x_lc_rd_eabi.lib : int54.asm.obj (.int54)

USCI_B0    0    0000ffee    00000002     
                  0000ffee    00000002     rts430x_lc_rd_eabi.lib : int55.asm.obj (.int55)

USCI_A0    0    0000fff0    00000002     
                  0000fff0    00000002     rts430x_lc_rd_eabi.lib : int56.asm.obj (.int56)

WDT        0    0000fff2    00000002     
                  0000fff2    00000002     rts430x_lc_rd_eabi.lib : int57.asm.obj (.int57)

TIMER0_B1 
*          0    0000fff4    00000002     
                  0000fff4    00000002     rts430x_lc_rd_eabi.lib : int58.asm.obj (.int58)

TIMER0_B0 
*          0    0000fff6    00000002     
                  0000fff6    00000002     rts430x_lc_rd_eabi.lib : int59.asm.obj (.int59)

COMP_B     0    0000fff8    00000002     
                  0000fff8    00000002     rts430x_lc_rd_eabi.lib : int60.asm.obj (.int60)

UNMI       0    0000fffa    00000002     
                  0000fffa    00000002     rts430x_lc_rd_eabi.lib : int61.asm.obj (.int61)

SYSNMI     0    0000fffc    00000002     
                  0000fffc    00000002     rts430x_lc_rd_eabi.lib : int62.asm.obj (.int62)

.reset     0    0000fffe    00000002     
                  0000fffe    00000002     rts430x_lc_rd_eabi.lib : boot.c.obj (.reset)

.text.1    0    00010000    000032e6     
                  00010000    00000e64     main.obj (.text:MAIN_ExecuteRUN)
                  00010e64    0000072a     rts430x_lc_rd_eabi.lib : addd.c.obj (.text:__mspabi_addd)
                  0001158e    00000652                            : _scanfi.c.obj (.text:__TI_scanfi)
                  00011be0    000005dc     cmd.obj (.text:CMD_ParseCommand)
                  000121bc    000004d4     rts430x_lc_rd_eabi.lib : strtod.c.obj (.text:strtod)
                  00012690    00000468                            : frcdivd.c.obj (.text:__TI_frcdivd)
                  00012af8    00000442     main.obj (.text:MAIN_InitializeLockIn)
                  00012f3a    00000002     rts430x_lc_rd_eabi.lib : startup.c.obj (.text:_system_post_cinit)
                  00012f3c    000003aa     main.obj (.text:MAIN_ExecuteSPGAIN)

.text.2    0    000132e8    00002f7e     
                  000132e8    0000036e     main.obj (.text:MAIN_ExecuteSPOOF)
                  00013656    0000034e     rts430x_lc_rd_eabi.lib : div64u.c.obj (.text:__mspabi_divull)
                  000139a4    00000338     bak.obj (.text:BAK_AssessBatteryBackup)
                  00013cdc    00000334     rts430x_lc_rd_eabi.lib : strtoll.c.obj (.text:strtoll)
                  00014010    000002dc                            : e_sqrt.c.obj (.text:sqrt)
                  000142ec    000002d4     bak.obj (.text:BAK_CommitBatteryBackup)
                  000145c0    000002bc     main.obj (.text:MAIN_ExecuteFLOOD)
                  0001487c    000002a6     rts430x_lc_rd_eabi.lib : _printfi.c.obj (.text:__TI_printfi:__TI_printfi)
                  00014b22    000002a6     dsp.obj (.text)
                  00014dc8    00000292     rts430x_lc_rd_eabi.lib : mpyd.c.obj (.text:__mspabi_mpyd)
                  0001505a    0000027a                            : _printfi.c.obj (.text:__TI_printfi:_setfield___TI_printfi)
                  000152d4    00000268                            : _printfi.c.obj (.text:_pproc_fgea)
                  0001553c    00000240                            : strtoull.c.obj (.text:strtoull)
                  0001577c    0000023c                            : strtol.c.obj (.text:strtol)
                  000159b8    0000023a     channels.obj (.text:CH_InitializeChannels)
                  00015bf2    00000234     rts430x_lc_rd_eabi.lib : _scanfi.c.obj (.text:_sproc_float$36)
                  00015e26    00000224                            : _printfi.c.obj (.text:acvt)
                  0001604a    0000021c                            : divd.c.obj (.text:__mspabi_divd)

.text.3    0    00016268    00001d2a     
                  00016268    0000020e     main.obj (.text:MAIN_HandleCommand)
                  00016476    00000206     rts430x_lc_rd_eabi.lib : _printfi.c.obj (.text:__TI_printfi:_getarg_diouxp___TI_printfi)
                  0001667c    000001e6                            : _printfi.c.obj (.text:ecvt)
                  00016862    000001cc                            : strtoul.c.obj (.text:strtoul)
                  00016a2e    000001c8                            : _printfi.c.obj (.text:fcvt)
                  00016bf6    000001a2                            : _printfi.c.obj (.text:_pconv_e)
                  00016d98    000001a0                            : _scanfi.c.obj (.text:_sproc_int$36)
                  00016f38    00000190     main.obj (.text:MAIN_ExecuteSTATUS)
                  000170c8    00000188     rts430x_lc_rd_eabi.lib : _scanfi.c.obj (.text:_sget_conv$36)
                  00017250    0000017c     gpio.obj (.text:GPIO_InitializeGPIO)
                  000173cc    00000170     rts430x_lc_rd_eabi.lib : _printfi.c.obj (.text:_pconv_a)
                  0001753c    00000164                            : frcmpyd.c.obj (.text:__TI_frcmpyd)
                  000176a0    0000015a                            : s_scalbn.c.obj (.text:scalbn)
                  000177fa    00000148                            : _printfi.c.obj (.text:__TI_printfi:_pproc_diouxp___TI_printfi)
                  00017942    00000128                            : _printfi.c.obj (.text:__TI_printfi:_ltostr___TI_printfi)
                  00017a6a    000000fc                            : _printfi.c.obj (.text:_pconv_g)
                  00017b66    000000ea                            : _printfi.c.obj (.text:__TI_printfi:_pproc_fwp___TI_printfi)
                  00017c50    000000e0     clk.obj (.text:CLK_InitializeCLK)
                  00017d30    000000d8     rts430x_lc_rd_eabi.lib : cmpd.c.obj (.text:__mspabi_cmpd)
                  00017e08    000000c8                            : _printfi.c.obj (.text:__TI_printfi:_pproc_wstr___TI_printfi)
                  00017ed0    000000c2     main.obj (.text:MAIN_ExecuteSCLOCK)

.text.4    0    00017f94    0000022a     
                  00017f94    000000c0     main.obj (.text:MAIN_ExecuteSTOP)
                  00018054    000000b8     dma.obj (.text:DMA_InitializeDMA)
                  0001810c    000000b2     rts430x_lc_rd_eabi.lib : cvtdf.c.obj (.text:__mspabi_cvtdf)

.text.5    0    000181c0    0000079e     
                  000181c0    000000ae     main.obj (.text:main)
                  0001826e    000000a6     rts430x_lc_rd_eabi.lib : _printfi.c.obj (.text:__TI_printfi:_pproc_str___TI_printfi)
                  00018314    000000a6                            : s_frexp.c.obj (.text:frexp)
                  000183ba    0000009e                            : fltlid.c.obj (.text:__mspabi_fltlid)
                  00018458    00000090                            : _printfi.c.obj (.text:_ecpy)
                  000184e8    00000090                            : _printfi.c.obj (.text:_mcpy)
                  00018578    00000082                            : _scanfi.c.obj (.text:_sproc_str$36)
                  000185fa    00000080                            : _ltoa.c.obj (.text:__TI_ltoa)
                  0001867a    00000080                            : fltuld.c.obj (.text:__mspabi_fltuld)
                  000186fa    00000080                            : _scanfi.c.obj (.text:_sproc_lb$36)
                  0001877a    00000080                            : _scanfi.c.obj (.text:_sproc_wstr$36)
                  000187fa    00000078                            : _printfi.c.obj (.text:_pconv_f)
                  00018872    00000076                            : sscanf.c.obj (.text:_chkmbc$16)
                  000188e8    00000076                            : copy_decompress_lzss.c.obj (.text:decompress:lzss:__TI_decompress_lzss)

.text.6    0    00018960    0000006a     
                  00018960    0000006a     main.obj (.text:MAIN_ExecuteSATTEN)

.text.7    0    000189cc    000001fe     
                  000189cc    00000068     adc.obj (.text:ADC_SetADCChannel)
                  00018a34    00000068     rts430x_lc_rd_eabi.lib : fixdul.c.obj (.text:__mspabi_fixdul)
                  00018a9c    00000066     main.obj (.text:MAIN_ExecuteSGAIN)
                  00018b02    00000066     rts430x_lc_rd_eabi.lib : fixdli.c.obj (.text:__mspabi_fixdli)
                  00018b68    00000062                            : atoi.c.obj (.text:atoi)

.text.8    0    00018bcc    0000005e     
                  00018bcc    0000005e     main.obj (.text:MAIN_ExecuteGATTEN)

.text.9    0    00018c2c    0000005e     
                  00018c2c    0000005e     main.obj (.text:MAIN_ExecuteGGAIN)

.text.10   0    00018c8c    00000112     
                  00018c8c    0000005e     main.obj (.text:MAIN_ExecuteGPGAIN)
                  00018cea    0000005c     rts430x_lc_rd_eabi.lib : mult64_f5hw.asm.obj (.text:__mpyll)
                  00018d46    00000058                            : div32u.asm.obj (.text)

.text.11   0    00018da0    0000014e     
                  00018da0    00000056     main.obj (.text:MAIN_ExecuteGCLOCK)
                  00018df6    00000054     rts430x_lc_rd_eabi.lib : autoinit.c.obj (.text:__TI_auto_init_nobinit_nopinit_hold_wdt:__TI_auto_init_nobinit_nopinit_hold_wdt)
                  00018e4a    00000054                            : rem64u.c.obj (.text:__mspabi_remull)
                  00018e9e    00000050                            : strtok.c.obj (.text:strtok)

.text.12   0    00018ef0    00000392     
                  00018ef0    0000004e     main.obj (.text:MAIN_ExecuteHELP)
                  00018f3e    0000004e     rts430x_lc_rd_eabi.lib : _printfi.c.obj (.text:_fcpy)
                  00018f8c    0000004c     adc.obj (.text:ADC_InitializeADC)
                  00018fd8    00000046     pixie.obj (.text:PIXIE_TypeStrings)
                  0001901e    00000044     rts430x_lc_rd_eabi.lib : sprintf.c.obj (.text:sprintf)
                  00019062    00000040                            : asr64.c.obj (.text:__mspabi_srall)
                  000190a2    00000040                            : div32s.asm.obj (.text)
                  000190e2    0000003e                            : asr32.asm.obj (.text:l_asr_const)
                  00019120    0000003e                            : lsl32.asm.obj (.text:l_lsl_const)
                  0001915e    0000003e                            : lsr32.asm.obj (.text:l_lsr_const)
                  0001919c    0000003c     uart.obj (.text:UART1_puts)
                  000191d8    0000003a     rts430x_lc_rd_eabi.lib : lsl64.c.obj (.text:__mspabi_sllll)
                  00019212    0000003a                            : lsr64.c.obj (.text:__mspabi_srlll)
                  0001924c    00000036     main.obj (.text:MAIN_ExecuteSAVE)

.text.13   0    00019284    00000306     
                  00019284    00000034     adc.obj (.text:ADC_CheckChannelGain)
                  000192b8    00000032     state.obj (.text:STATE_GetStateName)
                  000192ea    00000032     rts430x_lc_rd_eabi.lib : subd.c.obj (.text:__mspabi_subd)
                  0001931c    00000030     clk.obj (.text:CLK_GetRTC)
                  0001934c    00000030     clk.obj (.text:CLK_SetRTC)
                  0001937c    0000002e     rts430x_lc_rd_eabi.lib : negd.c.obj (.text:__mspabi_negd)
                  000193aa    0000002e                            : s_copysign.c.obj (.text:copysign)
                  000193d8    0000002c                            : mult3264_f5hw.asm.obj (.text:__mpyull)
                  00019404    0000002c                            : strcspn.c.obj (.text:strcspn)
                  00019430    0000002a                            : strspn.c.obj (.text:strspn)
                  0001945a    00000028                            : fixdi.c.obj (.text:__mspabi_fixdi)
                  00019482    00000026                            : memccpy.c.obj (.text:memccpy)
                  000194a8    00000024     uart.obj (.text:UART_InitializeUART)
                  000194cc    00000024     rts430x_lc_rd_eabi.lib : copy_zero_init.c.obj (.text:decompress:ZI:__TI_zero_init_nomemset:__TI_zero_init_nomemset)
                  000194f0    00000024                            : mult32_f5hw.asm.obj (.text)
                  00019514    00000020                            : sprintf.c.obj (.text:_outs$15)
                  00019534    0000001e     state.obj (.text:STATE_SetState)
                  00019552    0000001c     rts430x_lc_rd_eabi.lib : strchr.c.obj (.text:strchr)
                  0001956e    0000001c                            : strrchr.c.obj (.text:strrchr)

.text.14   0    0001958c    00000032     
                  0001958c    0000001a     timer.obj (.text:TIMER_InitializeTimers)
                  000195a6    00000018     rts430x_lc_rd_eabi.lib : mult16_f5hw.asm.obj (.text)

.text.15   0    000195c0    00000016     
                  000195c0    00000016     dac.obj (.text:DAC_InitializeDAC)

.text.16   0    000195d8    00000142     
                  000195d8    00000016     timer.obj (.text:TIMER_StartTimer0AND1)
                  000195ee    00000016     rts430x_lc_rd_eabi.lib : memset.c.obj (.text:memset)
                  00019604    00000016                            : div16u.asm.obj (.text)
                  0001961a    00000016                            : wcslen.c.obj (.text:wcslen)
                  00019630    00000014     dma.obj (.text:DMA_RenewDACBuffer)
                  00019644    00000014     opamp.obj (.text:OPAMP_InitializeOPAMP)
                  00019658    00000014     rts430x_lc_rd_eabi.lib : sscanf.c.obj (.text:_inpchar$16)
                  0001966c    00000014                            : sprintf.c.obj (.text:_outc$15)
                  00019680    00000014                            : memcpy.c.obj (.text:memcpy)
                  00019694    00000012                            : fixdu.c.obj (.text:__mspabi_fixdu)
                  000196a6    00000012                            : copy_decompress_none.c.obj (.text:decompress:none:__TI_decompress_none)
                  000196b8    00000012                            : sscanf.c.obj (.text:sscanf)
                  000196ca    00000012                            : toupper.c.obj (.text:toupper)
                  000196dc    00000010                            : lsl32.asm.obj (.text:l_lsl)
                  000196ec    00000010                            : lsr32.asm.obj (.text:l_lsr)
                  000196fc    00000010                            : strcpy.c.obj (.text:strcpy)
                  0001970c    0000000e     state.obj (.text:STATE_InitializeState)

.text.17   0    0001971c    0000000e     
                  0001971c    0000000e     timer.obj (.text:TIMER_ResetTimer0)

.text.18   0    0001972c    0000002a     
                  0001972c    0000000e     timer.obj (.text:TIMER_ResetTimer1)
                  0001973a    0000000e     rts430x_lc_rd_eabi.lib : isxdigit.c.obj (.text:isxdigit)
                  00019748    0000000e                            : strlen.c.obj (.text:strlen)

.text.19   0    00019758    00000072     
                  00019758    0000000c     main.obj (.text:MAIN_ExecuteRESET)
                  00019764    0000000c     state.obj (.text:STATE_IsIdle)
                  00019770    0000000c     timer.obj (.text:TIMER_StartTimer0)
                  0001977c    0000000c     timer.obj (.text:TIMER_StartTimer1)
                  00019788    0000000c     rts430x_lc_rd_eabi.lib : fltid.c.obj (.text:__mspabi_fltid)
                  00019794    0000000c                            : isdigit.c.obj (.text:isdigit)
                  000197a0    0000000c                            : isspace.c.obj (.text:isspace)
                  000197ac    0000000a     state.obj (.text:STATE_IsRunning)
                  000197b6    0000000a     rts430x_lc_rd_eabi.lib : abs.c.obj (.text:abs)
                  000197c0    0000000a                            : lsr16.asm.obj (.text)

.text.20   0    000197cc    00000030     
                  000197cc    00000008     dma.obj (.text:DMA_SetDMA0)
                  000197d4    00000008     dma.obj (.text:DMA_SetDMA1)
                  000197dc    00000008     wdt.obj (.text:WDT_InitializeWDT)
                  000197e4    00000008     rts430x_lc_rd_eabi.lib : sscanf.c.obj (.text:_uninpchar$16)
                  000197ec    00000006     wdt.obj (.text:WDT_SoftwareReset)
                  000197f2    00000006     rts430x_lc_rd_eabi.lib : exit.c.obj (.text:abort)
                  000197f8    00000004                            : pre_init.c.obj (.text:_system_pre_init)

MODULE SUMMARY

       Module                                   code    ro data   rw data
       ------                                   ----    -------   -------
    .\
       main.obj                                 11002   1082      1212   
    +--+----------------------------------------+-------+---------+---------+
       Total:                                   11002   1082      1212   
                                                                         
    .\src\
       bak.obj                                  1548    0         0      
       cmd.obj                                  1500    0         14     
       dsp.obj                                  678     0         0      
       channels.obj                             570     0         24     
       gpio.obj                                 380     0         0      
       clk.obj                                  320     0         0      
       uart.obj                                 188     0         132    
       adc.obj                                  232     0         0      
       dma.obj                                  220     0         0      
       sineref.obj                              0       192       0      
       pixie.obj                                70      64        0      
       state.obj                                116     16        2      
       timer.obj                                100     0         0      
       dac.obj                                  22      0         0      
       opamp.obj                                20      0         0      
       wdt.obj                                  14      0         0      
    +--+----------------------------------------+-------+---------+---------+
       Total:                                   5978    272       172    
                                                                         
    C:\Users\kyle_\AppData\Local\Temp\
       {345A4595-8571-4055-9ED6-995404052DBD}   0       128       852    
    +--+----------------------------------------+-------+---------+---------+
       Total:                                   0       128       852    
                                                                         
    C:\ti\ccs1250\ccs\tools\compiler\ti-cgt-msp430_21.6.1.LTS\lib\rts430x_lc_rd_eabi.lib
       _printfi.c.obj                           6684    38        0      
       _scanfi.c.obj                            3376    13        0      
       addd.c.obj                               1834    0         0      
       strtod.c.obj                             1236    200       0      
       frcdivd.c.obj                            1128    0         0      
       div64u.c.obj                             846     0         0      
       strtoll.c.obj                            820     0         0      
       e_sqrt.c.obj                             732     0         0      
       mpyd.c.obj                               658     0         0      
       strtoull.c.obj                           576     0         0      
       strtol.c.obj                             572     0         0      
       divd.c.obj                               540     0         0      
       strtoul.c.obj                            460     0         0      
       frcmpyd.c.obj                            356     0         0      
       s_scalbn.c.obj                           346     0         0      
       ctype.c.obj                              0       257       0      
       cmpd.c.obj                               216     0         0      
       cvtdf.c.obj                              178     0         0      
       s_frexp.c.obj                            166     0         0      
       sscanf.c.obj                             164     0         0      
       fltlid.c.obj                             158     0         0      
       _ltoa.c.obj                              128     0         0      
       fltuld.c.obj                             128     0         0      
       sprintf.c.obj                            120     0         0      
       copy_decompress_lzss.c.obj               118     0         0      
       fixdul.c.obj                             104     0         0      
       fixdli.c.obj                             102     0         0      
       atoi.c.obj                               98      0         0      
       mult64_f5hw.asm.obj                      92      0         0      
       div32u.asm.obj                           88      0         0      
       autoinit.c.obj                           84      0         0      
       rem64u.c.obj                             84      0         0      
       strtok.c.obj                             80      0         4      
       lsl32.asm.obj                            78      0         0      
       lsr32.asm.obj                            78      0         0      
       asr64.c.obj                              64      0         0      
       div32s.asm.obj                           64      0         0      
       asr32.asm.obj                            62      0         0      
       lsl64.c.obj                              58      0         0      
       lsr64.c.obj                              58      0         0      
       subd.c.obj                               50      0         0      
       negd.c.obj                               46      0         0      
       s_copysign.c.obj                         46      0         0      
       mult3264_f5hw.asm.obj                    44      0         0      
       strcspn.c.obj                            44      0         0      
       strspn.c.obj                             42      0         0      
       fixdi.c.obj                              40      0         0      
       memccpy.c.obj                            38      0         0      
       copy_zero_init.c.obj                     36      0         0      
       mult32_f5hw.asm.obj                      36      0         0      
       boot.c.obj                               28      2         0      
       strchr.c.obj                             28      0         0      
       strrchr.c.obj                            28      0         0      
       mult16_f5hw.asm.obj                      24      0         0      
       div16u.asm.obj                           22      0         0      
       memset.c.obj                             22      0         0      
       wcslen.c.obj                             22      0         0      
       memcpy.c.obj                             20      0         0      
       copy_decompress_none.c.obj               18      0         0      
       fixdu.c.obj                              18      0         0      
       toupper.c.obj                            18      0         0      
       strcpy.c.obj                             16      0         0      
       isxdigit.c.obj                           14      0         0      
       strlen.c.obj                             14      0         0      
       fltid.c.obj                              12      0         0      
       isdigit.c.obj                            12      0         0      
       isspace.c.obj                            12      0         0      
       abs.c.obj                                10      0         0      
       lsr16.asm.obj                            10      0         0      
       isr_trap.asm.obj                         8       0         0      
       exit.c.obj                               6       0         0      
       pre_init.c.obj                           4       0         0      
       errno.c.obj                              0       0         2      
       int37.asm.obj                            0       2         0      
       int38.asm.obj                            0       2         0      
       int39.asm.obj                            0       2         0      
       int40.asm.obj                            0       2         0      
       int41.asm.obj                            0       2         0      
       int43.asm.obj                            0       2         0      
       int44.asm.obj                            0       2         0      
       int45.asm.obj                            0       2         0      
       int47.asm.obj                            0       2         0      
       int48.asm.obj                            0       2         0      
       int49.asm.obj                            0       2         0      
       int51.asm.obj                            0       2         0      
       int52.asm.obj                            0       2         0      
       int53.asm.obj                            0       2         0      
       int54.asm.obj                            0       2         0      
       int55.asm.obj                            0       2         0      
       int56.asm.obj                            0       2         0      
       int57.asm.obj                            0       2         0      
       int58.asm.obj                            0       2         0      
       int59.asm.obj                            0       2         0      
       int60.asm.obj                            0       2         0      
       int61.asm.obj                            0       2         0      
       int62.asm.obj                            0       2         0      
       startup.c.obj                            2       0         0      
    +--+----------------------------------------+-------+---------+---------+
       Total:                                   23524   556       6      
                                                                         
       Stack:                                   0       0         160    
       Linker Generated:                        0       67        0      
    +--+----------------------------------------+-------+---------+---------+
       Grand Total:                             40504   2105      2402   


LINKER GENERATED COPY TABLES

__TI_cinit_table @ 0000525a records: 2, size/record: 8, table size: 16
	.data: load addr=00005226, load size=00000021 bytes, run addr=00002400, run size=0000056e bytes, compression=lzss
	.bss: load addr=00005254, load size=00000006 bytes, run addr=0000296e, run size=00000354 bytes, compression=zero_init


LINKER GENERATED HANDLER TABLE

__TI_handler_table @ 00005248 records: 3, size/record: 4, table size: 12
	index: 0, handler: __TI_zero_init
	index: 1, handler: __TI_decompress_lzss
	index: 2, handler: __TI_decompress_none


GLOBAL SYMBOLS: SORTED ALPHABETICALLY BY Name 

address   name                                   
-------   ----                                   
00019284  ADC_CheckChannelGain                   
00018f8c  ADC_InitializeADC                      
000189cc  ADC_SetADCChannel                      
0000049e  BAKCHCTL                               
0000049f  BAKCHCTL_H                             
0000049e  BAKCHCTL_L                             
0000049c  BAKCTL                                 
0000049d  BAKCTL_H                               
0000049c  BAKCTL_L                               
00000480  BAKMEM0                                
00000481  BAKMEM0_H                              
00000480  BAKMEM0_L                              
00000482  BAKMEM1                                
00000483  BAKMEM1_H                              
00000482  BAKMEM1_L                              
00000484  BAKMEM2                                
00000485  BAKMEM2_H                              
00000484  BAKMEM2_L                              
00000486  BAKMEM3                                
00000487  BAKMEM3_H                              
00000486  BAKMEM3_L                              
000139a4  BAK_AssessBatteryBackup                
000142ec  BAK_CommitBatteryBackup                
000004be  BCD2BIN                                
000004bc  BIN2BCD                                
000197f2  C$$EXIT                                
000008c0  CBCTL0                                 
000008c1  CBCTL0_H                               
000008c0  CBCTL0_L                               
000008c2  CBCTL1                                 
000008c3  CBCTL1_H                               
000008c2  CBCTL1_L                               
000008c4  CBCTL2                                 
000008c5  CBCTL2_H                               
000008c4  CBCTL2_L                               
000008c6  CBCTL3                                 
000008c7  CBCTL3_H                               
000008c6  CBCTL3_L                               
000008cc  CBINT                                  
000008cd  CBINT_H                                
000008cc  CBINT_L                                
000008ce  CBIV                                   
00002962  CH_ActiveChannel                       
0000296e  CH_ChannelSequence                     
00002934  CH_Channels                            
000159b8  CH_InitializeChannels                  
00002cbe  CH_RunCycles                           
00002cc0  CH_RunExclusions                       
0001931c  CLK_GetRTC                             
00017c50  CLK_InitializeCLK                      
0001934c  CLK_SetRTC                             
00002948  CMD_Command                            
00011be0  CMD_ParseCommand                       
00000150  CRCDI                                  
00000152  CRCDIRB                                
00000153  CRCDIRB_H                              
00000152  CRCDIRB_L                              
00000151  CRCDI_H                                
00000150  CRCDI_L                                
00000154  CRCINIRES                              
00000155  CRCINIRES_H                            
00000154  CRCINIRES_L                            
00000156  CRCRESR                                
00000157  CRCRESR_H                              
00000156  CRCRESR_L                              
00000a82  CTSD16CCTL0                            
00000a83  CTSD16CCTL0_H                          
00000a82  CTSD16CCTL0_L                          
00000a80  CTSD16CTL                              
00000a81  CTSD16CTL_H                            
00000a80  CTSD16CTL_L                            
00000aae  CTSD16IE                               
00000aaf  CTSD16IE_H                             
00000aae  CTSD16IE_L                             
00000aac  CTSD16IFG                              
00000aad  CTSD16IFG_H                            
00000aac  CTSD16IFG_L                            
00000a84  CTSD16INCTL0                           
00000a85  CTSD16INCTL0_H                         
00000a84  CTSD16INCTL0_L                         
00000ab0  CTSD16IV                               
00000ab1  CTSD16IV_H                             
00000ab0  CTSD16IV_L                             
00000ab2  CTSD16MEM0                             
00000ab3  CTSD16MEM0_H                           
00000ab2  CTSD16MEM0_L                           
00000a86  CTSD16PRE0                             
00000a87  CTSD16PRE0_H                           
00000a86  CTSD16PRE0_L                           
00002b16  ChannelFour                            
00002b80  ChannelOne                             
00002bea  ChannelThree                           
00002c54  ChannelTwo                             
000051d0  Chlorophyll_String                     
00000786  DAC12_0CALCTL                          
00000788  DAC12_0CALDAT                          
00000780  DAC12_0CTL0                            
00000782  DAC12_0CTL1                            
00000784  DAC12_0DAT                             
00000796  DAC12_1CALCTL                          
00000798  DAC12_1CALDAT                          
00000790  DAC12_1CTL0                            
00000792  DAC12_1CTL1                            
00000794  DAC12_1DAT                             
0000079e  DAC12_IV                               
000195c0  DAC_InitializeDAC                      
00000510  DMA0CTL                                
00000516  DMA0DA                                 
00000518  DMA0DAH                                
00000516  DMA0DAL                                
00000512  DMA0SA                                 
00000514  DMA0SAH                                
00000512  DMA0SAL                                
0000051a  DMA0SZ                                 
00000520  DMA1CTL                                
00000526  DMA1DA                                 
00000528  DMA1DAH                                
00000526  DMA1DAL                                
00000522  DMA1SA                                 
00000524  DMA1SAH                                
00000522  DMA1SAL                                
0000052a  DMA1SZ                                 
00000530  DMA2CTL                                
00000536  DMA2DA                                 
00000538  DMA2DAH                                
00000536  DMA2DAL                                
00000532  DMA2SA                                 
00000534  DMA2SAH                                
00000532  DMA2SAL                                
0000053a  DMA2SZ                                 
00000540  DMA3CTL                                
00000546  DMA3DA                                 
00000548  DMA3DAH                                
00000546  DMA3DAL                                
00000542  DMA3SA                                 
00000544  DMA3SAH                                
00000542  DMA3SAL                                
0000054a  DMA3SZ                                 
00000550  DMA4CTL                                
00000556  DMA4DA                                 
00000558  DMA4DAH                                
00000556  DMA4DAL                                
00000552  DMA4SA                                 
00000554  DMA4SAH                                
00000552  DMA4SAL                                
0000055a  DMA4SZ                                 
00000560  DMA5CTL                                
00000566  DMA5DA                                 
00000568  DMA5DAH                                
00000566  DMA5DAL                                
00000562  DMA5SA                                 
00000564  DMA5SAH                                
00000562  DMA5SAL                                
0000056a  DMA5SZ                                 
00000500  DMACTL0                                
00000502  DMACTL1                                
00000504  DMACTL2                                
00000506  DMACTL3                                
00000508  DMACTL4                                
0000050e  DMAIV                                  
00004400  DMA_ISR                                
00018054  DMA_InitializeDMA                      
00019630  DMA_RenewDACBuffer                     
000197cc  DMA_SetDMA0                            
000197d4  DMA_SetDMA1                            
00014b22  DSP_AnalysisLoop                       
00000140  FCTL1                                  
00000141  FCTL1_H                                
00000140  FCTL1_L                                
00000144  FCTL3                                  
00000145  FCTL3_H                                
00000144  FCTL3_L                                
00000146  FCTL4                                  
00000147  FCTL4_H                                
00000146  FCTL4_L                                
00017250  GPIO_InitializeGPIO                    
00000a04  LCDBBLKCTL                             
00000a05  LCDBBLKCTL_H                           
00000a04  LCDBBLKCTL_L                           
00000a12  LCDBCPCTL                              
00000a13  LCDBCPCTL_H                            
00000a12  LCDBCPCTL_L                            
00000a00  LCDBCTL0                               
00000a01  LCDBCTL0_H                             
00000a00  LCDBCTL0_L                             
00000a02  LCDBCTL1                               
00000a03  LCDBCTL1_H                             
00000a02  LCDBCTL1_L                             
00000a1e  LCDBIV                                 
00000a40  LCDBM1                                 
00000a49  LCDBM10                                
00000a4a  LCDBM11                                
00000a4b  LCDBM12                                
00000a4c  LCDBM13                                
00000a4d  LCDBM14                                
00000a4e  LCDBM15                                
00000a4f  LCDBM16                                
00000a50  LCDBM17                                
00000a51  LCDBM18                                
00000a52  LCDBM19                                
00000a41  LCDBM2                                 
00000a53  LCDBM20                                
00000a54  LCDBM21                                
00000a55  LCDBM22                                
00000a56  LCDBM23                                
00000a57  LCDBM24                                
00000a42  LCDBM3                                 
00000a43  LCDBM4                                 
00000a44  LCDBM5                                 
00000a45  LCDBM6                                 
00000a46  LCDBM7                                 
00000a47  LCDBM8                                 
00000a48  LCDBM9                                 
00000a06  LCDBMEMCTL                             
00000a07  LCDBMEMCTL_H                           
00000a06  LCDBMEMCTL_L                           
00000a0a  LCDBPCTL0                              
00000a0b  LCDBPCTL0_H                            
00000a0a  LCDBPCTL0_L                            
00000a0c  LCDBPCTL1                              
00000a0d  LCDBPCTL1_H                            
00000a0c  LCDBPCTL1_L                            
00000a0e  LCDBPCTL2                              
00000a0f  LCDBPCTL2_H                            
00000a0e  LCDBPCTL2_L                            
00000a10  LCDBPCTL3                              
00000a11  LCDBPCTL3_H                            
00000a10  LCDBPCTL3_L                            
00000a08  LCDBVCTL                               
00000a09  LCDBVCTL_H                             
00000a08  LCDBVCTL_L                             
00000a20  LCDM1                                  
00000a29  LCDM10                                 
00000a2a  LCDM11                                 
00000a2b  LCDM12                                 
00000a2c  LCDM13                                 
00000a2d  LCDM14                                 
00000a2e  LCDM15                                 
00000a2f  LCDM16                                 
00000a30  LCDM17                                 
00000a31  LCDM18                                 
00000a32  LCDM19                                 
00000a21  LCDM2                                  
00000a33  LCDM20                                 
00000a34  LCDM21                                 
00000a35  LCDM22                                 
00000a36  LCDM23                                 
00000a37  LCDM24                                 
00000a22  LCDM3                                  
00000a23  LCDM4                                  
00000a24  LCDM5                                  
00000a25  LCDM6                                  
00000a26  LCDM7                                  
00000a27  LCDM8                                  
00000a28  LCDM9                                  
000004c4  MAC                                    
000004da  MAC32H                                 
000004db  MAC32H_H                               
000004da  MAC32H_L                               
000004d8  MAC32L                                 
000004d9  MAC32L_H                               
000004d8  MAC32L_L                               
000004c6  MACS                                   
000004de  MACS32H                                
000004df  MACS32H_H                              
000004de  MACS32H_L                              
000004dc  MACS32L                                
000004dd  MACS32L_H                              
000004dc  MACS32L_L                              
000004c7  MACS_H                                 
000004c6  MACS_L                                 
000004c5  MAC_H                                  
000004c4  MAC_L                                  
00002400  MAIN_ADCBuffer                         
00002956  MAIN_CurrentTime                       
00002908  MAIN_DACBuffer                         
000145c0  MAIN_ExecuteFLOOD                      
00018bcc  MAIN_ExecuteGATTEN                     
00018da0  MAIN_ExecuteGCLOCK                     
00018c2c  MAIN_ExecuteGGAIN                      
00018c8c  MAIN_ExecuteGPGAIN                     
00018ef0  MAIN_ExecuteHELP                       
00019758  MAIN_ExecuteRESET                      
00010000  MAIN_ExecuteRUN                        
00018960  MAIN_ExecuteSATTEN                     
0001924c  MAIN_ExecuteSAVE                       
00017ed0  MAIN_ExecuteSCLOCK                     
00018a9c  MAIN_ExecuteSGAIN                      
00012f3c  MAIN_ExecuteSPGAIN                     
000132e8  MAIN_ExecuteSPOOF                      
00016f38  MAIN_ExecuteSTATUS                     
00017f94  MAIN_ExecuteSTOP                       
0000290c  MAIN_FilterTap1                        
00002910  MAIN_FilterTap2                        
00016268  MAIN_HandleCommand                     
00002932  MAIN_IndexNumber                       
00012af8  MAIN_InitializeLockIn                  
00002884  MAIN_LockInXRef                        
000028c4  MAIN_LockInYRef                        
00002906  MAIN_PendingRTCSetFlag                 
00002904  MAIN_ResetFlag                         
00002930  MAIN_SequenceNumber                    
00002928  MAIN_XAcc                              
00002914  MAIN_XFilterTap1                       
00002918  MAIN_XFilterTap2                       
00002924  MAIN_XOut                              
0000292c  MAIN_YAcc                              
0000291c  MAIN_YFilterTap1                       
00002920  MAIN_YFilterTap2                       
00002926  MAIN_YOut                              
000004c0  MPY                                    
000004ec  MPY32CTL0                              
000004ed  MPY32CTL0_H                            
000004ec  MPY32CTL0_L                            
000004d2  MPY32H                                 
000004d3  MPY32H_H                               
000004d2  MPY32H_L                               
000004d0  MPY32L                                 
000004d1  MPY32L_H                               
000004d0  MPY32L_L                               
000004c2  MPYS                                   
000004d6  MPYS32H                                
000004d7  MPYS32H_H                              
000004d6  MPYS32H_L                              
000004d4  MPYS32L                                
000004d5  MPYS32L_H                              
000004d4  MPYS32L_L                              
000004c3  MPYS_H                                 
000004c2  MPYS_L                                 
000004c1  MPY_H                                  
000004c0  MPY_L                                  
00000ae0  OA0CTL0                                
00000ae1  OA0CTL0_H                              
00000ae0  OA0CTL0_L                              
00000aee  OA0GSW                                 
00000aef  OA0GSW_H                               
00000aee  OA0GSW_L                               
00000ae4  OA0NSW                                 
00000ae5  OA0NSW_H                               
00000ae4  OA0NSW_L                               
00000ae2  OA0PSW                                 
00000ae3  OA0PSW_H                               
00000ae2  OA0PSW_L                               
00000af0  OA1CTL0                                
00000af1  OA1CTL0_H                              
00000af0  OA1CTL0_L                              
00000afe  OA1GSW                                 
00000aff  OA1GSW_H                               
00000afe  OA1GSW_L                               
00000af4  OA1NSW                                 
00000af5  OA1NSW_H                               
00000af4  OA1NSW_L                               
00000af2  OA1PSW                                 
00000af3  OA1PSW_H                               
00000af2  OA1PSW_L                               
000004c8  OP2                                    
000004e2  OP2H                                   
000004e3  OP2H_H                                 
000004e2  OP2H_L                                 
000004e0  OP2L                                   
000004e1  OP2L_H                                 
000004e0  OP2L_L                                 
000004c9  OP2_H                                  
000004c8  OP2_L                                  
00019644  OPAMP_InitializeOPAMP                  
0000020e  P1IV                                   
0000021e  P2IV                                   
000001d0  P2MAP01                                
000001d1  P2MAP01_H                              
000001d0  P2MAP01_L                              
000001d2  P2MAP23                                
000001d3  P2MAP23_H                              
000001d2  P2MAP23_L                              
000001d4  P2MAP45                                
000001d5  P2MAP45_H                              
000001d4  P2MAP45_L                              
000001d6  P2MAP67                                
000001d7  P2MAP67_H                              
000001d6  P2MAP67_L                              
0000022e  P3IV                                   
0000023e  P4IV                                   
00000204  PADIR                                  
00000205  PADIR_H                                
00000204  PADIR_L                                
00000208  PADS                                   
00000209  PADS_H                                 
00000208  PADS_L                                 
0000021a  PAIE                                   
00000218  PAIES                                  
00000219  PAIES_H                                
00000218  PAIES_L                                
0000021b  PAIE_H                                 
0000021a  PAIE_L                                 
0000021c  PAIFG                                  
0000021d  PAIFG_H                                
0000021c  PAIFG_L                                
00000200  PAIN                                   
00000201  PAIN_H                                 
00000200  PAIN_L                                 
00000202  PAOUT                                  
00000203  PAOUT_H                                
00000202  PAOUT_L                                
00000206  PAREN                                  
00000207  PAREN_H                                
00000206  PAREN_L                                
0000020a  PASEL                                  
0000020b  PASEL_H                                
0000020a  PASEL_L                                
00000224  PBDIR                                  
00000225  PBDIR_H                                
00000224  PBDIR_L                                
00000228  PBDS                                   
00000229  PBDS_H                                 
00000228  PBDS_L                                 
0000023a  PBIE                                   
00000238  PBIES                                  
00000239  PBIES_H                                
00000238  PBIES_L                                
0000023b  PBIE_H                                 
0000023a  PBIE_L                                 
0000023c  PBIFG                                  
0000023d  PBIFG_H                                
0000023c  PBIFG_L                                
00000220  PBIN                                   
00000221  PBIN_H                                 
00000220  PBIN_L                                 
00000222  PBOUT                                  
00000223  PBOUT_H                                
00000222  PBOUT_L                                
00000226  PBREN                                  
00000227  PBREN_H                                
00000226  PBREN_L                                
0000022a  PBSEL                                  
0000022b  PBSEL_H                                
0000022a  PBSEL_L                                
00000244  PCDIR                                  
00000245  PCDIR_H                                
00000244  PCDIR_L                                
00000248  PCDS                                   
00000249  PCDS_H                                 
00000248  PCDS_L                                 
00000240  PCIN                                   
00000241  PCIN_H                                 
00000240  PCIN_L                                 
00000242  PCOUT                                  
00000243  PCOUT_H                                
00000242  PCOUT_L                                
00000246  PCREN                                  
00000247  PCREN_H                                
00000246  PCREN_L                                
0000024a  PCSEL                                  
0000024b  PCSEL_H                                
0000024a  PCSEL_L                                
00000264  PDDIR                                  
00000265  PDDIR_H                                
00000264  PDDIR_L                                
00000268  PDDS                                   
00000269  PDDS_H                                 
00000268  PDDS_L                                 
00000260  PDIN                                   
00000261  PDIN_H                                 
00000260  PDIN_L                                 
00000262  PDOUT                                  
00000263  PDOUT_H                                
00000262  PDOUT_L                                
00000266  PDREN                                  
00000267  PDREN_H                                
00000266  PDREN_L                                
0000026a  PDSEL                                  
0000026b  PDSEL_H                                
0000026a  PDSEL_L                                
00000284  PEDIR                                  
00000285  PEDIR_H                                
00000284  PEDIR_L                                
00000288  PEDS                                   
00000289  PEDS_H                                 
00000288  PEDS_L                                 
00000280  PEIN                                   
00000281  PEIN_H                                 
00000280  PEIN_L                                 
00000282  PEOUT                                  
00000283  PEOUT_H                                
00000282  PEOUT_L                                
00000286  PEREN                                  
00000287  PEREN_H                                
00000286  PEREN_L                                
0000028a  PESEL                                  
0000028b  PESEL_H                                
0000028a  PESEL_L                                
000051f0  PIXIE_SequenceAttenuation              
000051f8  PIXIE_SequenceGain                     
00005200  PIXIE_SequenceID                       
00005208  PIXIE_SequencePregain                  
00005210  PIXIE_SequenceSeqCycles                
00018fd8  PIXIE_TypeStrings                      
00000324  PJDIR                                  
00000325  PJDIR_H                                
00000324  PJDIR_L                                
00000328  PJDS                                   
00000329  PJDS_H                                 
00000328  PJDS_L                                 
00000320  PJIN                                   
00000321  PJIN_H                                 
00000320  PJIN_L                                 
00000322  PJOUT                                  
00000323  PJOUT_H                                
00000322  PJOUT_L                                
00000326  PJREN                                  
00000327  PJREN_H                                
00000326  PJREN_L                                
00000130  PM5CTL0                                
00000131  PM5CTL0_H                              
00000130  PM5CTL0_L                              
000001c2  PMAPCTL                                
000001c3  PMAPCTL_H                              
000001c2  PMAPCTL_L                              
000001c0  PMAPKEYID                              
000001c1  PMAPKEYID_H                            
000001c0  PMAPKEYID_L                            
00000120  PMMCTL0                                
00000121  PMMCTL0_H                              
00000120  PMMCTL0_L                              
00000122  PMMCTL1                                
00000123  PMMCTL1_H                              
00000122  PMMCTL1_L                              
0000012c  PMMIFG                                 
0000012d  PMMIFG_H                               
0000012c  PMMIFG_L                               
0000012e  PMMRIE                                 
0000012f  PMMRIE_H                               
0000012e  PMMRIE_L                               
000051c8  Phycocyanin_String                     
00000158  RCCTL0                                 
00000159  RCCTL0_H                               
00000158  RCCTL0_L                               
000001b0  REFCTL0                                
000001b1  REFCTL0_H                              
000001b0  REFCTL0_L                              
000004e4  RES0                                   
000004e5  RES0_H                                 
000004e4  RES0_L                                 
000004e6  RES1                                   
000004e7  RES1_H                                 
000004e6  RES1_L                                 
000004e8  RES2                                   
000004e9  RES2_H                                 
000004e8  RES2_L                                 
000004ea  RES3                                   
000004eb  RES3_H                                 
000004ea  RES3_L                                 
000004cc  RESHI                                  
000004cd  RESHI_H                                
000004cc  RESHI_L                                
000004ca  RESLO                                  
000004cb  RESLO_H                                
000004ca  RESLO_L                                
000004ba  RTCADOWDAY                             
000004bb  RTCADOWDAY_H                           
000004ba  RTCADOWDAY_L                           
000004b8  RTCAMINHR                              
000004b9  RTCAMINHR_H                            
000004b8  RTCAMINHR_L                            
000004a0  RTCCTL01                               
000004a1  RTCCTL01_H                             
000004a0  RTCCTL01_L                             
000004a2  RTCCTL23                               
000004a3  RTCCTL23_H                             
000004a2  RTCCTL23_L                             
000004b4  RTCDATE                                
000004b5  RTCDATE_H                              
000004b4  RTCDATE_L                              
00004a08  RTCISR                                 
000004ae  RTCIV                                  
000004ac  RTCPS                                  
000004a8  RTCPS0CTL                              
000004a9  RTCPS0CTL_H                            
000004a8  RTCPS0CTL_L                            
000004aa  RTCPS1CTL                              
000004ab  RTCPS1CTL_H                            
000004aa  RTCPS1CTL_L                            
000004ad  RTCPS_H                                
000004ac  RTCPS_L                                
000004b0  RTCTIM0                                
000004b1  RTCTIM0_H                              
000004b0  RTCTIM0_L                              
000004b2  RTCTIM1                                
000004b3  RTCTIM1_H                              
000004b2  RTCTIM1_L                              
000004b6  RTCYEAR                                
000004b7  RTCYEAR_H                              
000004b6  RTCYEAR_L                              
000051cc  Rhodamine_String                       
00000100  SFRIE1                                 
00000101  SFRIE1_H                               
00000100  SFRIE1_L                               
00000102  SFRIFG1                                
00000103  SFRIFG1_H                              
00000102  SFRIFG1_L                              
00000104  SFRRPCR                                
00000105  SFRRPCR_H                              
00000104  SFRRPCR_L                              
00005188  SINE_cosADC                            
000050e2  SINE_cosDAC                            
000051a8  SINE_sinADC                            
00005122  SINE_sinDAC                            
0000296c  STATE_DeviceState                      
000192b8  STATE_GetStateName                     
0001970c  STATE_InitializeState                  
00019764  STATE_IsIdle                           
000197ac  STATE_IsRunning                        
00019534  STATE_SetState                         
000051e4  STATE_StateFloodStr                    
000051e0  STATE_StateIdleStr                     
000051e8  STATE_StateRunStr                      
000051ec  STATE_StateSpoofStr                    
000004ce  SUMEXT                                 
000004cf  SUMEXT_H                               
000004ce  SUMEXT_L                               
00000124  SVSMHCTL                               
00000125  SVSMHCTL_H                             
00000124  SVSMHCTL_L                             
00000128  SVSMIO                                 
00000129  SVSMIO_H                               
00000128  SVSMIO_L                               
00000126  SVSMLCTL                               
00000127  SVSMLCTL_H                             
00000126  SVSMLCTL_L                             
00000198  SYSBERRIV                              
00000199  SYSBERRIV_H                            
00000198  SYSBERRIV_L                            
00000182  SYSBSLC                                
00000183  SYSBSLC_H                              
00000182  SYSBSLC_L                              
00000180  SYSCTL                                 
00000181  SYSCTL_H                               
00000180  SYSCTL_L                               
00000186  SYSJMBC                                
00000187  SYSJMBC_H                              
00000186  SYSJMBC_L                              
00000188  SYSJMBI0                               
00000189  SYSJMBI0_H                             
00000188  SYSJMBI0_L                             
0000018a  SYSJMBI1                               
0000018b  SYSJMBI1_H                             
0000018a  SYSJMBI1_L                             
0000018c  SYSJMBO0                               
0000018d  SYSJMBO0_H                             
0000018c  SYSJMBO0_L                             
0000018e  SYSJMBO1                               
0000018f  SYSJMBO1_H                             
0000018e  SYSJMBO1_L                             
0000019e  SYSRSTIV                               
0000019f  SYSRSTIV_H                             
0000019e  SYSRSTIV_L                             
0000019c  SYSSNIV                                
0000019d  SYSSNIV_H                              
0000019c  SYSSNIV_L                              
0000019a  SYSUNIV                                
0000019b  SYSUNIV_H                              
0000019a  SYSUNIV_L                              
00000352  TA0CCR0                                
00000354  TA0CCR1                                
00000356  TA0CCR2                                
00000358  TA0CCR3                                
0000035a  TA0CCR4                                
00000342  TA0CCTL0                               
00000344  TA0CCTL1                               
00000346  TA0CCTL2                               
00000348  TA0CCTL3                               
0000034a  TA0CCTL4                               
00000340  TA0CTL                                 
00000360  TA0EX0                                 
0000036e  TA0IV                                  
00000350  TA0R                                   
00000392  TA1CCR0                                
00000394  TA1CCR1                                
00000396  TA1CCR2                                
00000382  TA1CCTL0                               
00000384  TA1CCTL1                               
00000386  TA1CCTL2                               
00000380  TA1CTL                                 
000003a0  TA1EX0                                 
000003ae  TA1IV                                  
00000390  TA1R                                   
00000412  TA2CCR0                                
00000414  TA2CCR1                                
00000416  TA2CCR2                                
00000402  TA2CCTL0                               
00000404  TA2CCTL1                               
00000406  TA2CCTL2                               
00000400  TA2CTL                                 
00000420  TA2EX0                                 
0000042e  TA2IV                                  
00000410  TA2R                                   
000003d2  TB0CCR0                                
000003d4  TB0CCR1                                
000003d6  TB0CCR2                                
000003d8  TB0CCR3                                
000003da  TB0CCR4                                
000003dc  TB0CCR5                                
000003de  TB0CCR6                                
000003c2  TB0CCTL0                               
000003c4  TB0CCTL1                               
000003c6  TB0CCTL2                               
000003c8  TB0CCTL3                               
000003ca  TB0CCTL4                               
000003cc  TB0CCTL5                               
000003ce  TB0CCTL6                               
000003c0  TB0CTL                                 
000003e0  TB0EX0                                 
000003ee  TB0IV                                  
000003d0  TB0R                                   
0001958c  TIMER_InitializeTimers                 
0001971c  TIMER_ResetTimer0                      
0001972c  TIMER_ResetTimer1                      
00019770  TIMER_StartTimer0                      
000195d8  TIMER_StartTimer0AND1                  
0001977c  TIMER_StartTimer1                      
000051d8  Turbidity_String                       
00002800  UART1_Input                            
00002842  UART1_Output                           
0001919c  UART1_puts                             
000194a8  UART_InitializeUART                    
000005d0  UCA0ABCTL                              
000005c6  UCA0BRW                                
000005c7  UCA0BRW_H                              
000005c6  UCA0BRW_L                              
000005c0  UCA0CTLW0                              
000005c1  UCA0CTLW0_H                            
000005c0  UCA0CTLW0_L                            
000005dc  UCA0ICTL                               
000005dd  UCA0ICTL_H                             
000005dc  UCA0ICTL_L                             
000005d2  UCA0IRCTL                              
000005d3  UCA0IRCTL_H                            
000005d2  UCA0IRCTL_L                            
000005de  UCA0IV                                 
000005c8  UCA0MCTL                               
000005cc  UCA0RXBUF                              
000005ca  UCA0STAT                               
000005ce  UCA0TXBUF                              
00000610  UCA1ABCTL                              
00000606  UCA1BRW                                
00000607  UCA1BRW_H                              
00000606  UCA1BRW_L                              
00000600  UCA1CTLW0                              
00000601  UCA1CTLW0_H                            
00000600  UCA1CTLW0_L                            
0000061c  UCA1ICTL                               
0000061d  UCA1ICTL_H                             
0000061c  UCA1ICTL_L                             
00000612  UCA1IRCTL                              
00000613  UCA1IRCTL_H                            
00000612  UCA1IRCTL_L                            
0000061e  UCA1IV                                 
00000608  UCA1MCTL                               
0000060c  UCA1RXBUF                              
0000060a  UCA1STAT                               
0000060e  UCA1TXBUF                              
000005e6  UCB0BRW                                
000005e7  UCB0BRW_H                              
000005e6  UCB0BRW_L                              
000005e0  UCB0CTLW0                              
000005e1  UCB0CTLW0_H                            
[...]
00000ab1  CTSD16IV_H                             
00000ab2  CTSD16MEM0                             
00000ab2  CTSD16MEM0_L                           
00000ab3  CTSD16MEM0_H                           
00000ae0  OA0CTL0                                
00000ae0  OA0CTL0_L                              
00000ae1  OA0CTL0_H                              
00000ae2  OA0PSW                                 
00000ae2  OA0PSW_L                               
00000ae3  OA0PSW_H                               
00000ae4  OA0NSW                                 
00000ae4  OA0NSW_L                               
00000ae5  OA0NSW_H                               
00000aee  OA0GSW                                 
00000aee  OA0GSW_L                               
00000aef  OA0GSW_H                               
00000af0  OA1CTL0                                
00000af0  OA1CTL0_L                              
00000af1  OA1CTL0_H                              
00000af2  OA1PSW                                 
00000af2  OA1PSW_L                               
00000af3  OA1PSW_H                               
00000af4  OA1NSW                                 
00000af4  OA1NSW_L                               
00000af5  OA1NSW_H                               
00000afe  OA1GSW                                 
00000afe  OA1GSW_L                               
00000aff  OA1GSW_H                               
00001c00  USBSTABUFF                             
0000236f  USBTOPBUFF                             
00002370  USBOEP0BUF                             
00002378  USBIEP0BUF                             
00002380  USBSUBLK                               
00002388  USBOEPCNF_1                            
00002389  USBOEPBBAX_1                           
0000238a  USBOEPBCTX_1                           
0000238d  USBOEPBBAY_1                           
0000238e  USBOEPBCTY_1                           
0000238f  USBOEPSIZXY_1                          
00002390  USBOEPCNF_2                            
00002391  USBOEPBBAX_2                           
00002392  USBOEPBCTX_2                           
00002395  USBOEPBBAY_2                           
00002396  USBOEPBCTY_2                           
00002397  USBOEPSIZXY_2                          
00002398  USBOEPCNF_3                            
00002399  USBOEPBBAX_3                           
0000239a  USBOEPBCTX_3                           
0000239d  USBOEPBBAY_3                           
0000239e  USBOEPBCTY_3                           
0000239f  USBOEPSIZXY_3                          
000023a0  USBOEPCNF_4                            
000023a1  USBOEPBBAX_4                           
000023a2  USBOEPBCTX_4                           
000023a5  USBOEPBBAY_4                           
000023a6  USBOEPBCTY_4                           
000023a7  USBOEPSIZXY_4                          
000023a8  USBOEPCNF_5                            
000023a9  USBOEPBBAX_5                           
000023aa  USBOEPBCTX_5                           
000023ad  USBOEPBBAY_5                           
000023ae  USBOEPBCTY_5                           
000023af  USBOEPSIZXY_5                          
000023b0  USBOEPCNF_6                            
000023b1  USBOEPBBAX_6                           
000023b2  USBOEPBCTX_6                           
000023b5  USBOEPBBAY_6                           
000023b6  USBOEPBCTY_6                           
000023b7  USBOEPSIZXY_6                          
000023b8  USBOEPCNF_7                            
000023b9  USBOEPBBAX_7                           
000023ba  USBOEPBCTX_7                           
000023bd  USBOEPBBAY_7                           
000023be  USBOEPBCTY_7                           
000023bf  USBOEPSIZXY_7                          
000023c8  USBIEPCNF_1                            
000023c9  USBIEPBBAX_1                           
000023ca  USBIEPBCTX_1                           
000023cd  USBIEPBBAY_1                           
000023ce  USBIEPBCTY_1                           
000023cf  USBIEPSIZXY_1                          
000023d0  USBIEPCNF_2                            
000023d1  USBIEPBBAX_2                           
000023d2  USBIEPBCTX_2                           
000023d5  USBIEPBBAY_2                           
000023d6  USBIEPBCTY_2                           
000023d7  USBIEPSIZXY_2                          
000023d8  USBIEPCNF_3                            
000023d9  USBIEPBBAX_3                           
000023da  USBIEPBCTX_3                           
000023dd  USBIEPBBAY_3                           
000023de  USBIEPBCTY_3                           
000023df  USBIEPSIZXY_3                          
000023e0  USBIEPCNF_4                            
000023e1  USBIEPBBAX_4                           
000023e2  USBIEPBCTX_4                           
000023e5  USBIEPBBAY_4                           
000023e6  USBIEPBCTY_4                           
000023e7  USBIEPSIZXY_4                          
000023e8  USBIEPCNF_5                            
000023e9  USBIEPBBAX_5                           
000023ea  USBIEPBCTX_5                           
000023ed  USBIEPBBAY_5                           
000023ee  USBIEPBCTY_5                           
000023ef  USBIEPSIZXY_5                          
000023f0  USBIEPCNF_6                            
000023f1  USBIEPBBAX_6                           
000023f2  USBIEPBCTX_6                           
000023f5  USBIEPBBAY_6                           
000023f6  USBIEPBCTY_6                           
000023f7  USBIEPSIZXY_6                          
000023f8  USBIEPCNF_7                            
000023f9  USBIEPBBAX_7                           
000023fa  USBIEPBCTX_7                           
000023fd  USBIEPBBAY_7                           
000023fe  USBIEPBCTY_7                           
000023ff  USBIEPSIZXY_7                          
00002400  MAIN_ADCBuffer                         
00002800  UART1_Input                            
00002842  UART1_Output                           
00002884  MAIN_LockInXRef                        
000028c4  MAIN_LockInYRef                        
00002904  MAIN_ResetFlag                         
00002906  MAIN_PendingRTCSetFlag                 
00002908  MAIN_DACBuffer                         
0000290c  MAIN_FilterTap1                        
00002910  MAIN_FilterTap2                        
00002914  MAIN_XFilterTap1                       
00002918  MAIN_XFilterTap2                       
0000291c  MAIN_YFilterTap1                       
00002920  MAIN_YFilterTap2                       
00002924  MAIN_XOut                              
00002926  MAIN_YOut                              
00002928  MAIN_XAcc                              
0000292c  MAIN_YAcc                              
00002930  MAIN_SequenceNumber                    
00002932  MAIN_IndexNumber                       
00002934  CH_Channels                            
00002948  CMD_Command                            
00002956  MAIN_CurrentTime                       
00002962  CH_ActiveChannel                       
0000296a  errno                                  
0000296c  STATE_DeviceState                      
0000296e  CH_ChannelSequence                     
00002b16  ChannelFour                            
00002b80  ChannelOne                             
00002bea  ChannelThree                           
00002c54  ChannelTwo                             
00002cbe  CH_RunCycles                           
00002cc0  CH_RunExclusions                       
00004360  _stack                                 
00004400  DMA_ISR                                
00004400  __STACK_END                            
000049ac  USCI_A1_ISR                            
00004a08  RTCISR                                 
00004a40  _c_int00_noargs                        
00004a5c  __TI_ISR_TRAP                          
00004e9a  _ctypes_                               
000050e2  SINE_cosDAC                            
00005122  SINE_sinDAC                            
00005188  SINE_cosADC                            
000051a8  SINE_sinADC                            
000051c8  Phycocyanin_String                     
000051cc  Rhodamine_String                       
000051d0  Chlorophyll_String                     
000051d4  fDOM_String                            
000051d8  Turbidity_String                       
000051dc  pH_String                              
000051e0  STATE_StateIdleStr                     
000051e4  STATE_StateFloodStr                    
000051e8  STATE_StateRunStr                      
000051ec  STATE_StateSpoofStr                    
000051f0  PIXIE_SequenceAttenuation              
000051f8  PIXIE_SequenceGain                     
00005200  PIXIE_SequenceID                       
00005208  PIXIE_SequencePregain                  
00005210  PIXIE_SequenceSeqCycles                
00005248  __TI_Handler_Table_Base                
00005254  __TI_Handler_Table_Limit               
0000525a  __TI_CINIT_Base                        
0000526a  __TI_CINIT_Limit                       
0000526a  __TI_CINIT_Warm                        
0000ffca  __TI_int37                             
0000ffcc  __TI_int38                             
0000ffce  __TI_int39                             
0000ffd0  __TI_int40                             
0000ffd2  __TI_int41                             
0000ffd4  __TI_int42                             
0000ffd6  __TI_int43                             
0000ffd8  __TI_int44                             
0000ffda  __TI_int45                             
0000ffdc  __TI_int46                             
0000ffde  __TI_int47                             
0000ffe0  __TI_int48                             
0000ffe2  __TI_int49                             
0000ffe4  __TI_int50                             
0000ffe6  __TI_int51                             
0000ffe8  __TI_int52                             
0000ffea  __TI_int53                             
0000ffec  __TI_int54                             
0000ffee  __TI_int55                             
0000fff0  __TI_int56                             
0000fff2  __TI_int57                             
0000fff4  __TI_int58                             
0000fff6  __TI_int59                             
0000fff8  __TI_int60                             
0000fffa  __TI_int61                             
0000fffc  __TI_int62                             
0000fffe  _reset_vector                          
00010000  MAIN_ExecuteRUN                        
00010e64  __mspabi_addd                          
0001158e  __TI_scanfi                            
00011be0  CMD_ParseCommand                       
000121bc  strtod                                 
000121bc  strtold                                
00012690  __TI_frcdivd                           
00012af8  MAIN_InitializeLockIn                  
00012f3a  _system_post_cinit                     
00012f3c  MAIN_ExecuteSPGAIN                     
000132e8  MAIN_ExecuteSPOOF                      
00013656  __mspabi_divull                        
000139a4  BAK_AssessBatteryBackup                
00013cdc  strtoll                                
00014010  sqrt                                   
00014010  sqrtl                                  
000142ec  BAK_CommitBatteryBackup                
000145c0  MAIN_ExecuteFLOOD                      
0001487c  __TI_printfi                           
00014b22  DSP_AnalysisLoop                       
00014dc8  __mspabi_mpyd                          
0001553c  strtoull                               
0001577c  strtol                                 
000159b8  CH_InitializeChannels                  
0001604a  __mspabi_divd                          
00016268  MAIN_HandleCommand                     
00016862  strtoul                                
00016f38  MAIN_ExecuteSTATUS                     
00017250  GPIO_InitializeGPIO                    
0001753c  __TI_frcmpyd                           
000176a0  ldexp                                  
000176a0  ldexpl                                 
000176a0  scalbn                                 
000176a0  scalbnl                                
00017c50  CLK_InitializeCLK                      
00017d30  __mspabi_cmpd                          
00017ed0  MAIN_ExecuteSCLOCK                     
00017f94  MAIN_ExecuteSTOP                       
00018054  DMA_InitializeDMA                      
0001810c  __mspabi_cvtdf                         
000181c0  main                                   
00018314  frexp                                  
00018314  frexpl                                 
000183ba  __mspabi_fltlid                        
000185fa  __TI_ltoa                              
0001867a  __mspabi_fltuld                        
000188e8  __TI_decompress_lzss                   
00018960  MAIN_ExecuteSATTEN                     
000189cc  ADC_SetADCChannel                      
00018a34  __mspabi_fixdul                        
00018a9c  MAIN_ExecuteSGAIN                      
00018b02  __mspabi_fixdli                        
00018b68  atoi                                   
00018bcc  MAIN_ExecuteGATTEN                     
00018c2c  MAIN_ExecuteGGAIN                      
00018c8c  MAIN_ExecuteGPGAIN                     
00018cea  __mspabi_mpyll_f5hw                    
00018d46  __mspabi_divul                         
00018d46  __mspabi_remul                         
00018da0  MAIN_ExecuteGCLOCK                     
00018df6  __TI_auto_init_nobinit_nopinit_hold_wdt
00018e4a  __mspabi_remull                        
00018e9e  strtok                                 
00018ef0  MAIN_ExecuteHELP                       
00018f8c  ADC_InitializeADC                      
00018fd8  PIXIE_TypeStrings                      
0001901e  sprintf                                
00019062  __mspabi_srall                         
000190a2  __mspabi_divli                         
000190a2  __mspabi_remli                         
000190e2  __mspabi_sral_15                       
000190e6  __mspabi_sral_14                       
000190ea  __mspabi_sral_13                       
000190ee  __mspabi_sral_12                       
000190f2  __mspabi_sral_11                       
000190f6  __mspabi_sral_10                       
000190fa  __mspabi_sral_9                        
000190fe  __mspabi_sral_8                        
00019102  __mspabi_sral_7                        
00019106  __mspabi_sral_6                        
0001910a  __mspabi_sral_5                        
0001910e  __mspabi_sral_4                        
00019112  __mspabi_sral_3                        
00019116  __mspabi_sral_2                        
0001911a  __mspabi_sral_1                        
00019120  __mspabi_slll_15                       
00019124  __mspabi_slll_14                       
00019128  __mspabi_slll_13                       
0001912c  __mspabi_slll_12                       
00019130  __mspabi_slll_11                       
00019134  __mspabi_slll_10                       
00019138  __mspabi_slll_9                        
0001913c  __mspabi_slll_8                        
00019140  __mspabi_slll_7                        
00019144  __mspabi_slll_6                        
00019148  __mspabi_slll_5                        
0001914c  __mspabi_slll_4                        
00019150  __mspabi_slll_3                        
00019154  __mspabi_slll_2                        
00019158  __mspabi_slll_1                        
0001915e  __mspabi_srll_15                       
00019162  __mspabi_srll_14                       
00019166  __mspabi_srll_13                       
0001916a  __mspabi_srll_12                       
0001916e  __mspabi_srll_11                       
00019172  __mspabi_srll_10                       
00019176  __mspabi_srll_9                        
0001917a  __mspabi_srll_8                        
0001917e  __mspabi_srll_7                        
00019182  __mspabi_srll_6                        
00019186  __mspabi_srll_5                        
0001918a  __mspabi_srll_4                        
0001918e  __mspabi_srll_3                        
00019192  __mspabi_srll_2                        
00019196  __mspabi_srll_1                        
0001919c  UART1_puts                             
000191d8  __mspabi_sllll                         
00019212  __mspabi_srlll                         
0001924c  MAIN_ExecuteSAVE                       
00019284  ADC_CheckChannelGain                   
000192b8  STATE_GetStateName                     
000192ea  __mspabi_subd                          
0001931c  CLK_GetRTC                             
0001934c  CLK_SetRTC                             
0001937c  __mspabi_negd                          
000193aa  copysign                               
000193aa  copysignl                              
000193d8  __mspabi_mpyull_f5hw                   
00019404  strcspn                                
00019430  strspn                                 
0001945a  __mspabi_fixdi                         
00019482  memccpy                                
000194a8  UART_InitializeUART                    
000194cc  __TI_zero_init_nomemset                
000194f0  __mspabi_mpyl_f5hw                     
00019534  STATE_SetState                         
00019552  strchr                                 
0001956e  strrchr                                
0001958c  TIMER_InitializeTimers                 
000195a6  __mspabi_mpyi_f5hw                     
000195c0  DAC_InitializeDAC                      
000195d8  TIMER_StartTimer0AND1                  
000195ee  memset                                 
00019604  __mspabi_divu                          
00019604  __mspabi_remu                          
0001961a  wcslen                                 
00019630  DMA_RenewDACBuffer                     
00019644  OPAMP_InitializeOPAMP                  
00019680  memcpy                                 
00019694  __mspabi_fixdu                         
000196a6  __TI_decompress_none                   
000196b8  sscanf                                 
000196ca  toupper                                
000196dc  __mspabi_slll                          
000196ec  __mspabi_srll                          
000196fc  strcpy                                 
0001970c  STATE_InitializeState                  
0001971c  TIMER_ResetTimer0                      
0001972c  TIMER_ResetTimer1                      
0001973a  isxdigit                               
00019748  strlen                                 
00019758  MAIN_ExecuteRESET                      
00019764  STATE_IsIdle                           
00019770  TIMER_StartTimer0                      
0001977c  TIMER_StartTimer1                      
00019788  __mspabi_fltid                         
00019794  isdigit                                
000197a0  isspace                                
000197ac  STATE_IsRunning                        
000197b6  abs                                    
000197c0  __mspabi_srli                          
000197cc  DMA_SetDMA0                            
000197d4  DMA_SetDMA1                            
000197dc  WDT_InitializeWDT                      
000197ec  WDT_SoftwareReset                      
000197f2  C$$EXIT                                
000197f2  abort                                  
000197f8  _system_pre_init                       
ffffffff  __TI_pprof_out_hndl                    
ffffffff  __TI_prof_data_size                    
ffffffff  __TI_prof_data_start                   
ffffffff  __c_args__                             

[1134 symbols]
