<?xml version="1.0" encoding="ISO-8859-1" ?>
<link_info>
   <banner>MSP430 Linker PC v21.6.1.LTS</banner>
   <copyright>Copyright (c) 2003-2018 Texas Instruments Incorporated</copyright>
   <link_time>0x67bcac28</link_time>
   <link_errors>0x0</link_errors>
   <output_file>PIXIE_MSP430.out</output_file>
   <entry_point>
      <name>_c_int00_noargs</name>
      <address>0x4a40</address>
   </entry_point>
   <input_file_list>
      <input_file id="fl-3">
         <path>.\src\</path>
         <kind>object</kind>
         <file>adc.obj</file>
         <name>adc.obj</name>
      </input_file>
      <input_file id="fl-4">
         <path>.\src\</path>
         <kind>object</kind>
         <file>bak.obj</file>
         <name>bak.obj</name>
      </input_file>
      <input_file id="fl-5">
         <path>.\src\</path>
         <kind>object</kind>
         <file>channels.obj</file>
         <name>channels.obj</name>
      </input_file>
      <input_file id="fl-6">
         <path>.\src\</path>
         <kind>object</kind>
         <file>clk.obj</file>
         <name>clk.obj</name>
      </input_file>
      <input_file id="fl-7">
         <path>.\src\</path>
         <kind>object</kind>
         <file>cmd.obj</file>
         <name>cmd.obj</name>
      </input_file>
      <input_file id="fl-8">
         <path>.\src\</path>
         <kind>object</kind>
         <file>dac.obj</file>
         <name>dac.obj</name>
      </input_file>
      <input_file id="fl-9">
         <path>.\src\</path>
         <kind>object</kind>
         <file>dma.obj</file>
         <name>dma.obj</name>
      </input_file>
      <input_file id="fl-b">
         <path>.\src\</path>
         <kind>object</kind>
         <file>gpio.obj</file>
         <name>gpio.obj</name>
      </input_file>
      <input_file id="fl-c">
         <path>.\src\</path>
         <kind>object</kind>
         <file>opamp.obj</file>
         <name>opamp.obj</name>
      </input_file>
      <input_file id="fl-d">
         <path>.\src\</path>
         <kind>object</kind>
         <file>pixie.obj</file>
         <name>pixie.obj</name>
      </input_file>
      <input_file id="fl-e">
         <path>.\src\</path>
         <kind>object</kind>
         <file>sineref.obj</file>
         <name>sineref.obj</name>
      </input_file>
      <input_file id="fl-f">
         <path>.\src\</path>
         <kind>object</kind>
         <file>state.obj</file>
         <name>state.obj</name>
      </input_file>
      <input_file id="fl-10">
         <path>.\src\</path>
         <kind>object</kind>
         <file>timer.obj</file>
         <name>timer.obj</name>
      </input_file>
      <input_file id="fl-11">
         <path>.\src\</path>
         <kind>object</kind>
         <file>uart.obj</file>
         <name>uart.obj</name>
      </input_file>
      <input_file id="fl-12">
         <path>.\src\</path>
         <kind>object</kind>
         <file>wdt.obj</file>
         <name>wdt.obj</name>
      </input_file>
      <input_file id="fl-33">
         <path>C:\ti\ccs1250\ccs\tools\compiler\ti-cgt-msp430_21.6.1.LTS\lib\</path>
         <kind>archive</kind>
         <file>rts430x_lc_rd_eabi.lib</file>
         <name>sprintf.c.obj</name>
      </input_file>
      <input_file id="fl-34">
         <path>C:\ti\ccs1250\ccs\tools\compiler\ti-cgt-msp430_21.6.1.LTS\lib\</path>
         <kind>archive</kind>
         <file>rts430x_lc_rd_eabi.lib</file>
         <name>sscanf.c.obj</name>
      </input_file>
      <input_file id="fl-35">
         <path>C:\ti\ccs1250\ccs\tools\compiler\ti-cgt-msp430_21.6.1.LTS\lib\</path>
         <kind>archive</kind>
         <file>rts430x_lc_rd_eabi.lib</file>
         <name>e_sqrt.c.obj</name>
      </input_file>
      <input_file id="fl-59">
         <path>C:\ti\ccs1250\ccs\tools\compiler\ti-cgt-msp430_21.6.1.LTS\lib\</path>
         <kind>archive</kind>
         <file>rts430x_lc_rd_eabi.lib</file>
         <name>copy_zero_init.c.obj</name>
      </input_file>
      <input_file id="fl-5a">
         <path>C:\ti\ccs1250\ccs\tools\compiler\ti-cgt-msp430_21.6.1.LTS\lib\</path>
         <kind>archive</kind>
         <file>rts430x_lc_rd_eabi.lib</file>
         <name>cpy_tbl.c.obj</name>
      </input_file>
      <input_file id="fl-5b">
         <path>C:\ti\ccs1250\ccs\tools\compiler\ti-cgt-msp430_21.6.1.LTS\lib\</path>
         <kind>archive</kind>
         <file>rts430x_lc_rd_eabi.lib</file>
         <name>mpu_init.c.obj</name>
      </input_file>
      <input_file id="fl-5c">
         <path>C:\ti\ccs1250\ccs\tools\compiler\ti-cgt-msp430_21.6.1.LTS\lib\</path>
         <kind>archive</kind>
         <file>rts430x_lc_rd_eabi.lib</file>
         <name>lsr64.c.obj</name>
      </input_file>
      <input_file id="fl-5d">
         <path>C:\ti\ccs1250\ccs\tools\compiler\ti-cgt-msp430_21.6.1.LTS\lib\</path>
         <kind>archive</kind>
         <file>rts430x_lc_rd_eabi.lib</file>
         <name>pre_init.c.obj</name>
      </input_file>
      <input_file id="fl-5f">
         <path>C:\ti\ccs1250\ccs\tools\compiler\ti-cgt-msp430_21.6.1.LTS\lib\</path>
         <kind>archive</kind>
         <file>rts430x_lc_rd_eabi.lib</file>
         <name>copy_decompress_none.c.obj</name>
      </input_file>
      <input_file id="fl-60">
         <path>C:\ti\ccs1250\ccs\tools\compiler\ti-cgt-msp430_21.6.1.LTS\lib\</path>
         <kind>archive</kind>
         <file>rts430x_lc_rd_eabi.lib</file>
         <name>copy_decompress_lzss.c.obj</name>
      </input_file>
      <input_file id="fl-61">
         <path>C:\ti\ccs1250\ccs\tools\compiler\ti-cgt-msp430_21.6.1.LTS\lib\</path>
         <kind>archive</kind>
         <file>rts430x_lc_rd_eabi.lib</file>
         <name>addd.c.obj</name>
      </input_file>
      <input_file id="fl-62">
         <path>C:\ti\ccs1250\ccs\tools\compiler\ti-cgt-msp430_21.6.1.LTS\lib\</path>
         <kind>archive</kind>
         <file>rts430x_lc_rd_eabi.lib</file>
         <name>cmpd.c.obj</name>
      </input_file>
      <input_file id="fl-63">
         <path>C:\ti\ccs1250\ccs\tools\compiler\ti-cgt-msp430_21.6.1.LTS\lib\</path>
         <kind>archive</kind>
         <file>rts430x_lc_rd_eabi.lib</file>
         <name>fixdu.c.obj</name>
      </input_file>
      <input_file id="fl-64">
         <path>C:\ti\ccs1250\ccs\tools\compiler\ti-cgt-msp430_21.6.1.LTS\lib\</path>
         <kind>archive</kind>
         <file>rts430x_lc_rd_eabi.lib</file>
         <name>fixdul.c.obj</name>
      </input_file>
      <input_file id="fl-65">
         <path>C:\ti\ccs1250\ccs\tools\compiler\ti-cgt-msp430_21.6.1.LTS\lib\</path>
         <kind>archive</kind>
         <file>rts430x_lc_rd_eabi.lib</file>
         <name>fltuld.c.obj</name>
      </input_file>
      <input_file id="fl-66">
         <path>C:\ti\ccs1250\ccs\tools\compiler\ti-cgt-msp430_21.6.1.LTS\lib\</path>
         <kind>archive</kind>
         <file>rts430x_lc_rd_eabi.lib</file>
         <name>mpyd.c.obj</name>
      </input_file>
      <input_file id="fl-68">
         <path>C:\ti\ccs1250\ccs\tools\compiler\ti-cgt-msp430_21.6.1.LTS\lib\</path>
         <kind>archive</kind>
         <file>rts430x_lc_rd_eabi.lib</file>
         <name>_lock.c.obj</name>
      </input_file>
      <input_file id="fl-6a">
         <path>C:\ti\ccs1250\ccs\tools\compiler\ti-cgt-msp430_21.6.1.LTS\lib\</path>
         <kind>archive</kind>
         <file>rts430x_lc_rd_eabi.lib</file>
         <name>isspace.c.obj</name>
      </input_file>
      <input_file id="fl-6b">
         <path>C:\ti\ccs1250\ccs\tools\compiler\ti-cgt-msp430_21.6.1.LTS\lib\</path>
         <kind>archive</kind>
         <file>rts430x_lc_rd_eabi.lib</file>
         <name>memcpy.c.obj</name>
      </input_file>
      <input_file id="fl-6c">
         <path>C:\ti\ccs1250\ccs\tools\compiler\ti-cgt-msp430_21.6.1.LTS\lib\</path>
         <kind>archive</kind>
         <file>rts430x_lc_rd_eabi.lib</file>
         <name>strtok.c.obj</name>
      </input_file>
      <input_file id="fl-6d">
         <path>C:\ti\ccs1250\ccs\tools\compiler\ti-cgt-msp430_21.6.1.LTS\lib\</path>
         <kind>archive</kind>
         <file>rts430x_lc_rd_eabi.lib</file>
         <name>errno.c.obj</name>
      </input_file>
      <input_file id="fl-6f">
         <path>C:\ti\ccs1250\ccs\tools\compiler\ti-cgt-msp430_21.6.1.LTS\lib\</path>
         <kind>archive</kind>
         <file>rts430x_lc_rd_eabi.lib</file>
         <name>_scanfi.c.obj</name>
      </input_file>
      <input_file id="fl-70">
         <path>C:\ti\ccs1250\ccs\tools\compiler\ti-cgt-msp430_21.6.1.LTS\lib\</path>
         <kind>archive</kind>
         <file>rts430x_lc_rd_eabi.lib</file>
         <name>s_frexp.c.obj</name>
      </input_file>
      <input_file id="fl-71">
         <path>C:\ti\ccs1250\ccs\tools\compiler\ti-cgt-msp430_21.6.1.LTS\lib\</path>
         <kind>archive</kind>
         <file>rts430x_lc_rd_eabi.lib</file>
         <name>s_scalbn.c.obj</name>
      </input_file>
      <input_file id="fl-72">
         <path>C:\ti\ccs1250\ccs\tools\compiler\ti-cgt-msp430_21.6.1.LTS\lib\</path>
         <kind>archive</kind>
         <file>rts430x_lc_rd_eabi.lib</file>
         <name>s_copysign.c.obj</name>
      </input_file>
      <input_file id="fl-73">
         <path>C:\ti\ccs1250\ccs\tools\compiler\ti-cgt-msp430_21.6.1.LTS\lib\</path>
         <kind>archive</kind>
         <file>rts430x_lc_rd_eabi.lib</file>
         <name>wcslen.c.obj</name>
      </input_file>
      <input_file id="fl-77">
         <path>C:\ti\ccs1250\ccs\tools\compiler\ti-cgt-msp430_21.6.1.LTS\lib\</path>
         <kind>archive</kind>
         <file>rts430x_lc_rd_eabi.lib</file>
         <name>exit_gvars.c.obj</name>
      </input_file>
      <input_file id="fl-78">
         <path>C:\ti\ccs1250\ccs\tools\compiler\ti-cgt-msp430_21.6.1.LTS\lib\</path>
         <kind>archive</kind>
         <file>rts430x_lc_rd_eabi.lib</file>
         <name>asr64.c.obj</name>
      </input_file>
      <input_file id="fl-79">
         <path>C:\ti\ccs1250\ccs\tools\compiler\ti-cgt-msp430_21.6.1.LTS\lib\</path>
         <kind>archive</kind>
         <file>rts430x_lc_rd_eabi.lib</file>
         <name>lsl64.c.obj</name>
      </input_file>
      <input_file id="fl-7a">
         <path>C:\ti\ccs1250\ccs\tools\compiler\ti-cgt-msp430_21.6.1.LTS\lib\</path>
         <kind>archive</kind>
         <file>rts430x_lc_rd_eabi.lib</file>
         <name>div64u.c.obj</name>
      </input_file>
      <input_file id="fl-7b">
         <path>C:\ti\ccs1250\ccs\tools\compiler\ti-cgt-msp430_21.6.1.LTS\lib\</path>
         <kind>archive</kind>
         <file>rts430x_lc_rd_eabi.lib</file>
         <name>cvtdf.c.obj</name>
      </input_file>
      <input_file id="fl-7c">
         <path>C:\ti\ccs1250\ccs\tools\compiler\ti-cgt-msp430_21.6.1.LTS\lib\</path>
         <kind>archive</kind>
         <file>rts430x_lc_rd_eabi.lib</file>
         <name>divd.c.obj</name>
      </input_file>
      <input_file id="fl-7d">
         <path>C:\ti\ccs1250\ccs\tools\compiler\ti-cgt-msp430_21.6.1.LTS\lib\</path>
         <kind>archive</kind>
         <file>rts430x_lc_rd_eabi.lib</file>
         <name>fixdi.c.obj</name>
      </input_file>
      <input_file id="fl-7e">
         <path>C:\ti\ccs1250\ccs\tools\compiler\ti-cgt-msp430_21.6.1.LTS\lib\</path>
         <kind>archive</kind>
         <file>rts430x_lc_rd_eabi.lib</file>
         <name>fixdli.c.obj</name>
      </input_file>
      <input_file id="fl-7f">
         <path>C:\ti\ccs1250\ccs\tools\compiler\ti-cgt-msp430_21.6.1.LTS\lib\</path>
         <kind>archive</kind>
         <file>rts430x_lc_rd_eabi.lib</file>
         <name>fltid.c.obj</name>
      </input_file>
      <input_file id="fl-80">
         <path>C:\ti\ccs1250\ccs\tools\compiler\ti-cgt-msp430_21.6.1.LTS\lib\</path>
         <kind>archive</kind>
         <file>rts430x_lc_rd_eabi.lib</file>
         <name>fltlid.c.obj</name>
      </input_file>
      <input_file id="fl-81">
         <path>C:\ti\ccs1250\ccs\tools\compiler\ti-cgt-msp430_21.6.1.LTS\lib\</path>
         <kind>archive</kind>
         <file>rts430x_lc_rd_eabi.lib</file>
         <name>frcdivd.c.obj</name>
      </input_file>
      <input_file id="fl-82">
         <path>C:\ti\ccs1250\ccs\tools\compiler\ti-cgt-msp430_21.6.1.LTS\lib\</path>
         <kind>archive</kind>
         <file>rts430x_lc_rd_eabi.lib</file>
         <name>frcmpyd.c.obj</name>
      </input_file>
      <input_file id="fl-83">
         <path>C:\ti\ccs1250\ccs\tools\compiler\ti-cgt-msp430_21.6.1.LTS\lib\</path>
         <kind>archive</kind>
         <file>rts430x_lc_rd_eabi.lib</file>
         <name>negd.c.obj</name>
      </input_file>
      <input_file id="fl-84">
         <path>C:\ti\ccs1250\ccs\tools\compiler\ti-cgt-msp430_21.6.1.LTS\lib\</path>
         <kind>archive</kind>
         <file>rts430x_lc_rd_eabi.lib</file>
         <name>subd.c.obj</name>
      </input_file>
      <input_file id="fl-85">
         <path>C:\ti\ccs1250\ccs\tools\compiler\ti-cgt-msp430_21.6.1.LTS\lib\</path>
         <kind>archive</kind>
         <file>rts430x_lc_rd_eabi.lib</file>
         <name>_ltoa.c.obj</name>
      </input_file>
      <input_file id="fl-86">
         <path>C:\ti\ccs1250\ccs\tools\compiler\ti-cgt-msp430_21.6.1.LTS\lib\</path>
         <kind>archive</kind>
         <file>rts430x_lc_rd_eabi.lib</file>
         <name>atoi.c.obj</name>
      </input_file>
      <input_file id="fl-87">
         <path>C:\ti\ccs1250\ccs\tools\compiler\ti-cgt-msp430_21.6.1.LTS\lib\</path>
         <kind>archive</kind>
         <file>rts430x_lc_rd_eabi.lib</file>
         <name>ctype.c.obj</name>
      </input_file>
      <input_file id="fl-88">
         <path>C:\ti\ccs1250\ccs\tools\compiler\ti-cgt-msp430_21.6.1.LTS\lib\</path>
         <kind>archive</kind>
         <file>rts430x_lc_rd_eabi.lib</file>
         <name>isdigit.c.obj</name>
      </input_file>
      <input_file id="fl-89">
         <path>C:\ti\ccs1250\ccs\tools\compiler\ti-cgt-msp430_21.6.1.LTS\lib\</path>
         <kind>archive</kind>
         <file>rts430x_lc_rd_eabi.lib</file>
         <name>isxdigit.c.obj</name>
      </input_file>
      <input_file id="fl-8a">
         <path>C:\ti\ccs1250\ccs\tools\compiler\ti-cgt-msp430_21.6.1.LTS\lib\</path>
         <kind>archive</kind>
         <file>rts430x_lc_rd_eabi.lib</file>
         <name>memccpy.c.obj</name>
      </input_file>
      <input_file id="fl-8b">
         <path>C:\ti\ccs1250\ccs\tools\compiler\ti-cgt-msp430_21.6.1.LTS\lib\</path>
         <kind>archive</kind>
         <file>rts430x_lc_rd_eabi.lib</file>
         <name>memset.c.obj</name>
      </input_file>
      <input_file id="fl-8c">
         <path>C:\ti\ccs1250\ccs\tools\compiler\ti-cgt-msp430_21.6.1.LTS\lib\</path>
         <kind>archive</kind>
         <file>rts430x_lc_rd_eabi.lib</file>
         <name>strchr.c.obj</name>
      </input_file>
      <input_file id="fl-8d">
         <path>C:\ti\ccs1250\ccs\tools\compiler\ti-cgt-msp430_21.6.1.LTS\lib\</path>
         <kind>archive</kind>
         <file>rts430x_lc_rd_eabi.lib</file>
         <name>strcpy.c.obj</name>
      </input_file>
      <input_file id="fl-8e">
         <path>C:\ti\ccs1250\ccs\tools\compiler\ti-cgt-msp430_21.6.1.LTS\lib\</path>
         <kind>archive</kind>
         <file>rts430x_lc_rd_eabi.lib</file>
         <name>strcspn.c.obj</name>
      </input_file>
      <input_file id="fl-8f">
         <path>C:\ti\ccs1250\ccs\tools\compiler\ti-cgt-msp430_21.6.1.LTS\lib\</path>
         <kind>archive</kind>
         <file>rts430x_lc_rd_eabi.lib</file>
         <name>strlen.c.obj</name>
      </input_file>
      <input_file id="fl-90">
         <path>C:\ti\ccs1250\ccs\tools\compiler\ti-cgt-msp430_21.6.1.LTS\lib\</path>
         <kind>archive</kind>
         <file>rts430x_lc_rd_eabi.lib</file>
         <name>strrchr.c.obj</name>
      </input_file>
      <input_file id="fl-91">
         <path>C:\ti\ccs1250\ccs\tools\compiler\ti-cgt-msp430_21.6.1.LTS\lib\</path>
         <kind>archive</kind>
         <file>rts430x_lc_rd_eabi.lib</file>
         <name>strspn.c.obj</name>
      </input_file>
      <input_file id="fl-92">
         <path>C:\ti\ccs1250\ccs\tools\compiler\ti-cgt-msp430_21.6.1.LTS\lib\</path>
         <kind>archive</kind>
         <file>rts430x_lc_rd_eabi.lib</file>
         <name>strtod.c.obj</name>
      </input_file>
      <input_file id="fl-93">
         <path>C:\ti\ccs1250\ccs\tools\compiler\ti-cgt-msp430_21.6.1.LTS\lib\</path>
         <kind>archive</kind>
         <file>rts430x_lc_rd_eabi.lib</file>
         <name>strtol.c.obj</name>
      </input_file>
      <input_file id="fl-94">
         <path>C:\ti\ccs1250\ccs\tools\compiler\ti-cgt-msp430_21.6.1.LTS\lib\</path>
         <kind>archive</kind>
         <file>rts430x_lc_rd_eabi.lib</file>
         <name>strtoll.c.obj</name>
      </input_file>
      <input_file id="fl-95">
         <path>C:\ti\ccs1250\ccs\tools\compiler\ti-cgt-msp430_21.6.1.LTS\lib\</path>
         <kind>archive</kind>
         <file>rts430x_lc_rd_eabi.lib</file>
         <name>strtoul.c.obj</name>
      </input_file>
      <input_file id="fl-96">
         <path>C:\ti\ccs1250\ccs\tools\compiler\ti-cgt-msp430_21.6.1.LTS\lib\</path>
         <kind>archive</kind>
         <file>rts430x_lc_rd_eabi.lib</file>
         <name>strtoull.c.obj</name>
      </input_file>
      <input_file id="fl-97">
         <path>C:\ti\ccs1250\ccs\tools\compiler\ti-cgt-msp430_21.6.1.LTS\lib\</path>
         <kind>archive</kind>
         <file>rts430x_lc_rd_eabi.lib</file>
         <name>toupper.c.obj</name>
      </input_file>
      <input_file id="fl-98">
         <path>C:\ti\ccs1250\ccs\tools\compiler\ti-cgt-msp430_21.6.1.LTS\lib\</path>
         <kind>archive</kind>
         <file>rts430x_lc_rd_eabi.lib</file>
         <name>abs.c.obj</name>
      </input_file>
      <input_file id="fl-9d">
         <path>C:\ti\ccs1250\ccs\tools\compiler\ti-cgt-msp430_21.6.1.LTS\lib\</path>
         <kind>archive</kind>
         <file>rts430x_lc_rd_eabi.lib</file>
         <name>rem64u.c.obj</name>
      </input_file>
      <input_file id="fl-a0">
         <path>C:\Users\kyle_\AppData\Local\Temp\</path>
         <kind>object</kind>
         <file>{345A4595-8571-4055-9ED6-995404052DBD}</file>
         <name>{345A4595-8571-4055-9ED6-995404052DBD}</name>
      </input_file>
      <input_file id="fl-2">
         <path>.\</path>
         <kind>object</kind>
         <file>main.obj</file>
         <name>main.obj</name>
      </input_file>
      <input_file id="fl-a">
         <path>.\src\</path>
         <kind>object</kind>
         <file>dsp.obj</file>
         <name>dsp.obj</name>
      </input_file>
      <input_file id="fl-18">
         <kind>object</kind>
         <file>&lt;internal&gt;</file>
         <name>&lt;internal&gt;</name>
      </input_file>
      <input_file id="fl-36">
         <path>C:\ti\ccs1250\ccs\tools\compiler\ti-cgt-msp430_21.6.1.LTS\lib\</path>
         <kind>archive</kind>
         <file>rts430x_lc_rd_eabi.lib</file>
         <name>int37.asm.obj</name>
      </input_file>
      <input_file id="fl-37">
         <path>C:\ti\ccs1250\ccs\tools\compiler\ti-cgt-msp430_21.6.1.LTS\lib\</path>
         <kind>archive</kind>
         <file>rts430x_lc_rd_eabi.lib</file>
         <name>int38.asm.obj</name>
      </input_file>
      <input_file id="fl-38">
         <path>C:\ti\ccs1250\ccs\tools\compiler\ti-cgt-msp430_21.6.1.LTS\lib\</path>
         <kind>archive</kind>
         <file>rts430x_lc_rd_eabi.lib</file>
         <name>int39.asm.obj</name>
      </input_file>
      <input_file id="fl-39">
         <path>C:\ti\ccs1250\ccs\tools\compiler\ti-cgt-msp430_21.6.1.LTS\lib\</path>
         <kind>archive</kind>
         <file>rts430x_lc_rd_eabi.lib</file>
         <name>int40.asm.obj</name>
      </input_file>
      <input_file id="fl-3a">
         <path>C:\ti\ccs1250\ccs\tools\compiler\ti-cgt-msp430_21.6.1.LTS\lib\</path>
         <kind>archive</kind>
         <file>rts430x_lc_rd_eabi.lib</file>
         <name>int41.asm.obj</name>
      </input_file>
      <input_file id="fl-3b">
         <path>C:\ti\ccs1250\ccs\tools\compiler\ti-cgt-msp430_21.6.1.LTS\lib\</path>
         <kind>archive</kind>
         <file>rts430x_lc_rd_eabi.lib</file>
         <name>int43.asm.obj</name>
      </input_file>
      <input_file id="fl-3c">
         <path>C:\ti\ccs1250\ccs\tools\compiler\ti-cgt-msp430_21.6.1.LTS\lib\</path>
         <kind>archive</kind>
         <file>rts430x_lc_rd_eabi.lib</file>
         <name>int44.asm.obj</name>
      </input_file>
      <input_file id="fl-3d">
         <path>C:\ti\ccs1250\ccs\tools\compiler\ti-cgt-msp430_21.6.1.LTS\lib\</path>
         <kind>archive</kind>
         <file>rts430x_lc_rd_eabi.lib</file>
         <name>int45.asm.obj</name>
      </input_file>
      <input_file id="fl-3e">
         <path>C:\ti\ccs1250\ccs\tools\compiler\ti-cgt-msp430_21.6.1.LTS\lib\</path>
         <kind>archive</kind>
         <file>rts430x_lc_rd_eabi.lib</file>
         <name>int47.asm.obj</name>
      </input_file>
      <input_file id="fl-3f">
         <path>C:\ti\ccs1250\ccs\tools\compiler\ti-cgt-msp430_21.6.1.LTS\lib\</path>
         <kind>archive</kind>
         <file>rts430x_lc_rd_eabi.lib</file>
         <name>int48.asm.obj</name>
      </input_file>
      <input_file id="fl-40">
         <path>C:\ti\ccs1250\ccs\tools\compiler\ti-cgt-msp430_21.6.1.LTS\lib\</path>
         <kind>archive</kind>
         <file>rts430x_lc_rd_eabi.lib</file>
         <name>int49.asm.obj</name>
      </input_file>
      <input_file id="fl-41">
         <path>C:\ti\ccs1250\ccs\tools\compiler\ti-cgt-msp430_21.6.1.LTS\lib\</path>
         <kind>archive</kind>
         <file>rts430x_lc_rd_eabi.lib</file>
         <name>int51.asm.obj</name>
      </input_file>
      <input_file id="fl-42">
         <path>C:\ti\ccs1250\ccs\tools\compiler\ti-cgt-msp430_21.6.1.LTS\lib\</path>
         <kind>archive</kind>
         <file>rts430x_lc_rd_eabi.lib</file>
         <name>int52.asm.obj</name>
      </input_file>
      <input_file id="fl-43">
         <path>C:\ti\ccs1250\ccs\tools\compiler\ti-cgt-msp430_21.6.1.LTS\lib\</path>
         <kind>archive</kind>
         <file>rts430x_lc_rd_eabi.lib</file>
         <name>int53.asm.obj</name>
      </input_file>
      <input_file id="fl-44">
         <path>C:\ti\ccs1250\ccs\tools\compiler\ti-cgt-msp430_21.6.1.LTS\lib\</path>
         <kind>archive</kind>
         <file>rts430x_lc_rd_eabi.lib</file>
         <name>int54.asm.obj</name>
      </input_file>
      <input_file id="fl-45">
         <path>C:\ti\ccs1250\ccs\tools\compiler\ti-cgt-msp430_21.6.1.LTS\lib\</path>
         <kind>archive</kind>
         <file>rts430x_lc_rd_eabi.lib</file>
         <name>int55.asm.obj</name>
      </input_file>
      <input_file id="fl-46">
         <path>C:\ti\ccs1250\ccs\tools\compiler\ti-cgt-msp430_21.6.1.LTS\lib\</path>
         <kind>archive</kind>
         <file>rts430x_lc_rd_eabi.lib</file>
         <name>int56.asm.obj</name>
      </input_file>
      <input_file id="fl-47">
         <path>C:\ti\ccs1250\ccs\tools\compiler\ti-cgt-msp430_21.6.1.LTS\lib\</path>
         <kind>archive</kind>
         <file>rts430x_lc_rd_eabi.lib</file>
         <name>int57.asm.obj</name>
      </input_file>
      <input_file id="fl-48">
         <path>C:\ti\ccs1250\ccs\tools\compiler\ti-cgt-msp430_21.6.1.LTS\lib\</path>
         <kind>archive</kind>
         <file>rts430x_lc_rd_eabi.lib</file>
         <name>int58.asm.obj</name>
      </input_file>
      <input_file id="fl-49">
         <path>C:\ti\ccs1250\ccs\tools\compiler\ti-cgt-msp430_21.6.1.LTS\lib\</path>
         <kind>archive</kind>
         <file>rts430x_lc_rd_eabi.lib</file>
         <name>int59.asm.obj</name>
      </input_file>
      <input_file id="fl-4a">
         <path>C:\ti\ccs1250\ccs\tools\compiler\ti-cgt-msp430_21.6.1.LTS\lib\</path>
         <kind>archive</kind>
         <file>rts430x_lc_rd_eabi.lib</file>
         <name>int60.asm.obj</name>
      </input_file>
      <input_file id="fl-4b">
         <path>C:\ti\ccs1250\ccs\tools\compiler\ti-cgt-msp430_21.6.1.LTS\lib\</path>
         <kind>archive</kind>
         <file>rts430x_lc_rd_eabi.lib</file>
         <name>int61.asm.obj</name>
      </input_file>
      <input_file id="fl-4c">
         <path>C:\ti\ccs1250\ccs\tools\compiler\ti-cgt-msp430_21.6.1.LTS\lib\</path>
         <kind>archive</kind>
         <file>rts430x_lc_rd_eabi.lib</file>
         <name>int62.asm.obj</name>
      </input_file>
      <input_file id="fl-4d">
         <path>C:\ti\ccs1250\ccs\tools\compiler\ti-cgt-msp430_21.6.1.LTS\lib\</path>
         <kind>archive</kind>
         <file>rts430x_lc_rd_eabi.lib</file>
         <name>isr_trap.asm.obj</name>
      </input_file>
      <input_file id="fl-4e">
         <path>C:\ti\ccs1250\ccs\tools\compiler\ti-cgt-msp430_21.6.1.LTS\lib\</path>
         <kind>archive</kind>
         <file>rts430x_lc_rd_eabi.lib</file>
         <name>lsl32.asm.obj</name>
      </input_file>
      <input_file id="fl-4f">
         <path>C:\ti\ccs1250\ccs\tools\compiler\ti-cgt-msp430_21.6.1.LTS\lib\</path>
         <kind>archive</kind>
         <file>rts430x_lc_rd_eabi.lib</file>
         <name>lsr16.asm.obj</name>
      </input_file>
      <input_file id="fl-50">
         <path>C:\ti\ccs1250\ccs\tools\compiler\ti-cgt-msp430_21.6.1.LTS\lib\</path>
         <kind>archive</kind>
         <file>rts430x_lc_rd_eabi.lib</file>
         <name>lsr32.asm.obj</name>
      </input_file>
      <input_file id="fl-51">
         <path>C:\ti\ccs1250\ccs\tools\compiler\ti-cgt-msp430_21.6.1.LTS\lib\</path>
         <kind>archive</kind>
         <file>rts430x_lc_rd_eabi.lib</file>
         <name>mult16_f5hw.asm.obj</name>
      </input_file>
      <input_file id="fl-52">
         <path>C:\ti\ccs1250\ccs\tools\compiler\ti-cgt-msp430_21.6.1.LTS\lib\</path>
         <kind>archive</kind>
         <file>rts430x_lc_rd_eabi.lib</file>
         <name>mult1632_f5hw.asm.obj</name>
      </input_file>
      <input_file id="fl-53">
         <path>C:\ti\ccs1250\ccs\tools\compiler\ti-cgt-msp430_21.6.1.LTS\lib\</path>
         <kind>archive</kind>
         <file>rts430x_lc_rd_eabi.lib</file>
         <name>mult32.asm.obj</name>
      </input_file>
      <input_file id="fl-54">
         <path>C:\ti\ccs1250\ccs\tools\compiler\ti-cgt-msp430_21.6.1.LTS\lib\</path>
         <kind>archive</kind>
         <file>rts430x_lc_rd_eabi.lib</file>
         <name>mult32_f5hw.asm.obj</name>
      </input_file>
      <input_file id="fl-55">
         <path>C:\ti\ccs1250\ccs\tools\compiler\ti-cgt-msp430_21.6.1.LTS\lib\</path>
         <kind>archive</kind>
         <file>rts430x_lc_rd_eabi.lib</file>
         <name>mult3264_f5hw.asm.obj</name>
      </input_file>
      <input_file id="fl-56">
         <path>C:\ti\ccs1250\ccs\tools\compiler\ti-cgt-msp430_21.6.1.LTS\lib\</path>
         <kind>archive</kind>
         <file>rts430x_lc_rd_eabi.lib</file>
         <name>mult64_f5hw.asm.obj</name>
      </input_file>
      <input_file id="fl-57">
         <path>C:\ti\ccs1250\ccs\tools\compiler\ti-cgt-msp430_21.6.1.LTS\lib\</path>
         <kind>archive</kind>
         <file>rts430x_lc_rd_eabi.lib</file>
         <name>boot.c.obj</name>
      </input_file>
      <input_file id="fl-58">
         <path>C:\ti\ccs1250\ccs\tools\compiler\ti-cgt-msp430_21.6.1.LTS\lib\</path>
         <kind>archive</kind>
         <file>rts430x_lc_rd_eabi.lib</file>
         <name>autoinit.c.obj</name>
      </input_file>
      <input_file id="fl-5e">
         <path>C:\ti\ccs1250\ccs\tools\compiler\ti-cgt-msp430_21.6.1.LTS\lib\</path>
         <kind>archive</kind>
         <file>rts430x_lc_rd_eabi.lib</file>
         <name>startup.c.obj</name>
      </input_file>
      <input_file id="fl-67">
         <path>C:\ti\ccs1250\ccs\tools\compiler\ti-cgt-msp430_21.6.1.LTS\lib\</path>
         <kind>archive</kind>
         <file>rts430x_lc_rd_eabi.lib</file>
         <name>exit.c.obj</name>
      </input_file>
      <input_file id="fl-69">
         <path>C:\ti\ccs1250\ccs\tools\compiler\ti-cgt-msp430_21.6.1.LTS\lib\</path>
         <kind>archive</kind>
         <file>rts430x_lc_rd_eabi.lib</file>
         <name>args_main.c.obj</name>
      </input_file>
      <input_file id="fl-6e">
         <path>C:\ti\ccs1250\ccs\tools\compiler\ti-cgt-msp430_21.6.1.LTS\lib\</path>
         <kind>archive</kind>
         <file>rts430x_lc_rd_eabi.lib</file>
         <name>_printfi.c.obj</name>
      </input_file>
      <input_file id="fl-74">
         <path>C:\ti\ccs1250\ccs\tools\compiler\ti-cgt-msp430_21.6.1.LTS\lib\</path>
         <kind>archive</kind>
         <file>rts430x_lc_rd_eabi.lib</file>
         <name>div16u.asm.obj</name>
      </input_file>
      <input_file id="fl-75">
         <path>C:\ti\ccs1250\ccs\tools\compiler\ti-cgt-msp430_21.6.1.LTS\lib\</path>
         <kind>archive</kind>
         <file>rts430x_lc_rd_eabi.lib</file>
         <name>div32u.asm.obj</name>
      </input_file>
      <input_file id="fl-76">
         <path>C:\ti\ccs1250\ccs\tools\compiler\ti-cgt-msp430_21.6.1.LTS\lib\</path>
         <kind>archive</kind>
         <file>rts430x_lc_rd_eabi.lib</file>
         <name>mult16.asm.obj</name>
      </input_file>
      <input_file id="fl-99">
         <path>C:\ti\ccs1250\ccs\tools\compiler\ti-cgt-msp430_21.6.1.LTS\lib\</path>
         <kind>archive</kind>
         <file>rts430x_lc_rd_eabi.lib</file>
         <name>asr32.asm.obj</name>
      </input_file>
      <input_file id="fl-9a">
         <path>C:\ti\ccs1250\ccs\tools\compiler\ti-cgt-msp430_21.6.1.LTS\lib\</path>
         <kind>archive</kind>
         <file>rts430x_lc_rd_eabi.lib</file>
         <name>div32s.asm.obj</name>
      </input_file>
      <input_file id="fl-9b">
         <path>C:\ti\ccs1250\ccs\tools\compiler\ti-cgt-msp430_21.6.1.LTS\lib\</path>
         <kind>archive</kind>
         <file>rts430x_lc_rd_eabi.lib</file>
         <name>mult3264.asm.obj</name>
      </input_file>
      <input_file id="fl-9c">
         <path>C:\ti\ccs1250\ccs\tools\compiler\ti-cgt-msp430_21.6.1.LTS\lib\</path>
         <kind>archive</kind>
         <file>rts430x_lc_rd_eabi.lib</file>
         <name>mult64.asm.obj</name>
      </input_file>
      <input_file id="fl-9e">
         <path>C:\ti\ccs1250\ccs\tools\compiler\ti-cgt-msp430_21.6.1.LTS\lib\</path>
         <kind>archive</kind>
         <file>rts430x_lc_rd_eabi.lib</file>
         <name>mult1632.asm.obj</name>
      </input_file>
      <input_file id="fl-a1">
         <path>C:\ti\ccs1250\ccs\tools\compiler\ti-cgt-msp430_21.6.1.LTS\lib\</path>
         <kind>archive</kind>
         <file>rts430x_lc_rd_eabi.lib</file>
         <name>lsl64.c.obj</name>
      </input_file>
      <input_file id="fl-a2">
         <path>C:\ti\ccs1250\ccs\tools\compiler\ti-cgt-msp430_21.6.1.LTS\lib\</path>
         <kind>archive</kind>
         <file>rts430x_lc_rd_eabi.lib</file>
         <name>rem64u.c.obj</name>
      </input_file>
      <input_file id="fl-a3">
         <path>C:\ti\ccs1250\ccs\tools\compiler\ti-cgt-msp430_21.6.1.LTS\lib\</path>
         <kind>archive</kind>
         <file>rts430x_lc_rd_eabi.lib</file>
         <name>cvtdf.c.obj</name>
      </input_file>
      <input_file id="fl-a4">
         <path>C:\ti\ccs1250\ccs\tools\compiler\ti-cgt-msp430_21.6.1.LTS\lib\</path>
         <kind>archive</kind>
         <file>rts430x_lc_rd_eabi.lib</file>
         <name>addd.c.obj</name>
      </input_file>
      <input_file id="fl-a5">
         <path>C:\ti\ccs1250\ccs\tools\compiler\ti-cgt-msp430_21.6.1.LTS\lib\</path>
         <kind>archive</kind>
         <file>rts430x_lc_rd_eabi.lib</file>
         <name>fixdul.c.obj</name>
      </input_file>
      <input_file id="fl-a6">
         <path>C:\ti\ccs1250\ccs\tools\compiler\ti-cgt-msp430_21.6.1.LTS\lib\</path>
         <kind>archive</kind>
         <file>rts430x_lc_rd_eabi.lib</file>
         <name>asr64.c.obj</name>
      </input_file>
   </input_file_list>
   <object_component_list>
      <object_component id="oc-7fe">
         <name>.common:ChannelOne</name>
         <uninitialized>true</uninitialized>
         <run_address>0x2b80</run_address>
         <size>0x6a</size>
      </object_component>
      <object_component id="oc-7ff">
         <name>.common:ChannelTwo</name>
         <uninitialized>true</uninitialized>
         <run_address>0x2c54</run_address>
         <size>0x6a</size>
      </object_component>
      <object_component id="oc-800">
         <name>.common:ChannelThree</name>
         <uninitialized>true</uninitialized>
         <run_address>0x2bea</run_address>
         <size>0x6a</size>
      </object_component>
      <object_component id="oc-801">
         <name>.common:ChannelFour</name>
         <uninitialized>true</uninitialized>
         <run_address>0x2b16</run_address>
         <size>0x6a</size>
      </object_component>
      <object_component id="oc-6d6">
         <name>.common:CH_ChannelSequence</name>
         <uninitialized>true</uninitialized>
         <run_address>0x296e</run_address>
         <size>0x1a8</size>
      </object_component>
      <object_component id="oc-50a">
         <name>.common:CH_RunCycles</name>
         <uninitialized>true</uninitialized>
         <run_address>0x2cbe</run_address>
         <size>0x2</size>
      </object_component>
      <object_component id="oc-4f9">
         <name>.common:CH_RunExclusions</name>
         <uninitialized>true</uninitialized>
         <run_address>0x2cc0</run_address>
         <size>0x2</size>
      </object_component>
      <object_component id="oc-4b0">
         <name>.data</name>
         <load_address>0x2904</load_address>
         <run_address>0x2904</run_address>
         <size>0x30</size>
         <input_file_ref idref="fl-2"/>
      </object_component>
      <object_component id="oc-4b3">
         <name>.data:MAIN_CurrentTime</name>
         <load_address>0x2956</load_address>
         <run_address>0x2956</run_address>
         <size>0xc</size>
         <input_file_ref idref="fl-2"/>
      </object_component>
      <object_component id="oc-560">
         <name>.data:MAIN_ADCBuffer</name>
         <load_address>0x2400</load_address>
         <run_address>0x2400</run_address>
         <size>0x400</size>
         <input_file_ref idref="fl-2"/>
      </object_component>
      <object_component id="oc-563">
         <name>.data:MAIN_LockInXRef</name>
         <load_address>0x2884</load_address>
         <run_address>0x2884</run_address>
         <size>0x40</size>
         <input_file_ref idref="fl-2"/>
      </object_component>
      <object_component id="oc-566">
         <name>.data:MAIN_LockInYRef</name>
         <load_address>0x28c4</load_address>
         <run_address>0x28c4</run_address>
         <size>0x40</size>
         <input_file_ref idref="fl-2"/>
      </object_component>
      <object_component id="oc-6d0">
         <name>.data:CH_Channels</name>
         <load_address>0x2934</load_address>
         <run_address>0x2934</run_address>
         <size>0x14</size>
         <input_file_ref idref="fl-5"/>
      </object_component>
      <object_component id="oc-4c7">
         <name>.data</name>
         <load_address>0x2962</load_address>
         <run_address>0x2962</run_address>
         <size>0x4</size>
         <input_file_ref idref="fl-5"/>
      </object_component>
      <object_component id="oc-623">
         <name>.data:CMD_Command</name>
         <load_address>0x2948</load_address>
         <run_address>0x2948</run_address>
         <size>0xe</size>
         <input_file_ref idref="fl-7"/>
      </object_component>
      <object_component id="oc-6b5">
         <name>.data</name>
         <load_address>0x296c</load_address>
         <run_address>0x296c</run_address>
         <size>0x2</size>
         <input_file_ref idref="fl-f"/>
      </object_component>
      <object_component id="oc-4fb">
         <name>.data:UART1_Output</name>
         <load_address>0x2842</load_address>
         <run_address>0x2842</run_address>
         <size>0x42</size>
         <input_file_ref idref="fl-11"/>
      </object_component>
      <object_component id="oc-4c3">
         <name>.data:UART1_Input</name>
         <load_address>0x2800</load_address>
         <run_address>0x2800</run_address>
         <size>0x42</size>
         <input_file_ref idref="fl-11"/>
      </object_component>
      <object_component id="oc-582">
         <name>.data</name>
         <load_address>0x296a</load_address>
         <run_address>0x296a</run_address>
         <size>0x2</size>
         <input_file_ref idref="fl-6d"/>
      </object_component>
      <object_component id="oc-8b8">
         <name>.data</name>
         <load_address>0x2966</load_address>
         <run_address>0x2966</run_address>
         <size>0x4</size>
         <input_file_ref idref="fl-6c"/>
      </object_component>
      <object_component id="oc-3f4">
         <name>.stack</name>
         <uninitialized>true</uninitialized>
         <run_address>0x4360</run_address>
         <size>0x4</size>
         <input_file_ref idref="fl-57"/>
      </object_component>
      <object_component id="oc-b07">
         <name>.stack</name>
         <uninitialized>true</uninitialized>
         <run_address>0x4360</run_address>
         <size>0x0</size>
      </object_component>
      <object_component id="oc-626">
         <name>.text:MAIN_ExecuteRUN</name>
         <load_address>0x10000</load_address>
         <run_address>0x10000</run_address>
         <size>0xe64</size>
         <input_file_ref idref="fl-2"/>
      </object_component>
      <object_component id="oc-57c">
         <name>.text:__mspabi_addd</name>
         <load_address>0x10e64</load_address>
         <run_address>0x10e64</run_address>
         <size>0x72a</size>
         <input_file_ref idref="fl-a4"/>
      </object_component>
      <object_component id="oc-8c8">
         <name>.text:__TI_scanfi</name>
         <load_address>0x1158e</load_address>
         <run_address>0x1158e</run_address>
         <size>0x652</size>
         <input_file_ref idref="fl-6f"/>
      </object_component>
      <object_component id="oc-703">
         <name>.text:CMD_ParseCommand</name>
         <load_address>0x11be0</load_address>
         <run_address>0x11be0</run_address>
         <size>0x5dc</size>
         <input_file_ref idref="fl-7"/>
      </object_component>
      <object_component id="oc-957">
         <name>.text:strtod</name>
         <load_address>0x121bc</load_address>
         <run_address>0x121bc</run_address>
         <size>0x4d4</size>
         <input_file_ref idref="fl-92"/>
      </object_component>
      <object_component id="oc-a59">
         <name>.text:__TI_frcdivd</name>
         <load_address>0x12690</load_address>
         <run_address>0x12690</run_address>
         <size>0x468</size>
         <input_file_ref idref="fl-81"/>
      </object_component>
      <object_component id="oc-605">
         <name>.text:MAIN_InitializeLockIn</name>
         <load_address>0x12af8</load_address>
         <run_address>0x12af8</run_address>
         <size>0x442</size>
         <input_file_ref idref="fl-2"/>
      </object_component>
      <object_component id="oc-775">
         <name>.text:_system_post_cinit</name>
         <load_address>0x12f3a</load_address>
         <run_address>0x12f3a</run_address>
         <size>0x2</size>
         <input_file_ref idref="fl-5e"/>
      </object_component>
      <object_component id="oc-715">
         <name>.text:MAIN_ExecuteSPGAIN</name>
         <load_address>0x12f3c</load_address>
         <run_address>0x12f3c</run_address>
         <size>0x3aa</size>
         <input_file_ref idref="fl-2"/>
      </object_component>
      <object_component id="oc-74b">
         <name>.text:MAIN_ExecuteSPOOF</name>
         <load_address>0x132e8</load_address>
         <run_address>0x132e8</run_address>
         <size>0x36e</size>
         <input_file_ref idref="fl-2"/>
      </object_component>
      <object_component id="oc-9a7">
         <name>.text:__mspabi_divull</name>
         <load_address>0x13656</load_address>
         <run_address>0x13656</run_address>
         <size>0x34e</size>
         <input_file_ref idref="fl-7a"/>
      </object_component>
      <object_component id="oc-617">
         <name>.text:BAK_AssessBatteryBackup</name>
         <load_address>0x139a4</load_address>
         <run_address>0x139a4</run_address>
         <size>0x338</size>
         <input_file_ref idref="fl-4"/>
      </object_component>
      <object_component id="oc-969">
         <name>.text:strtoll</name>
         <load_address>0x13cdc</load_address>
         <run_address>0x13cdc</run_address>
         <size>0x334</size>
         <input_file_ref idref="fl-94"/>
      </object_component>
      <object_component id="oc-4e7">
         <name>.text:sqrt</name>
         <load_address>0x14010</load_address>
         <run_address>0x14010</run_address>
         <size>0x2dc</size>
         <input_file_ref idref="fl-35"/>
      </object_component>
      <object_component id="oc-61d">
         <name>.text:BAK_CommitBatteryBackup</name>
         <load_address>0x142ec</load_address>
         <run_address>0x142ec</run_address>
         <size>0x2d4</size>
         <input_file_ref idref="fl-4"/>
      </object_component>
      <object_component id="oc-751">
         <name>.text:MAIN_ExecuteFLOOD</name>
         <load_address>0x145c0</load_address>
         <run_address>0x145c0</run_address>
         <size>0x2bc</size>
         <input_file_ref idref="fl-2"/>
      </object_component>
      <object_component id="oc-6af">
         <name>.text:__TI_printfi:__TI_printfi</name>
         <load_address>0x1487c</load_address>
         <run_address>0x1487c</run_address>
         <size>0x2a6</size>
         <input_file_ref idref="fl-6e"/>
      </object_component>
      <object_component id="oc-4d7">
         <name>.text</name>
         <load_address>0x14b22</load_address>
         <run_address>0x14b22</run_address>
         <size>0x2a6</size>
         <input_file_ref idref="fl-a"/>
      </object_component>
      <object_component id="oc-576">
         <name>.text:__mspabi_mpyd</name>
         <load_address>0x14dc8</load_address>
         <run_address>0x14dc8</run_address>
         <size>0x292</size>
         <input_file_ref idref="fl-66"/>
      </object_component>
      <object_component id="oc-7e3">
         <name>.text:__TI_printfi:_setfield___TI_printfi</name>
         <load_address>0x1505a</load_address>
         <run_address>0x1505a</run_address>
         <size>0x27a</size>
         <input_file_ref idref="fl-6e"/>
      </object_component>
      <object_component id="oc-8af">
         <name>.text:_pproc_fgea</name>
         <load_address>0x152d4</load_address>
         <run_address>0x152d4</run_address>
         <size>0x268</size>
         <input_file_ref idref="fl-6e"/>
      </object_component>
      <object_component id="oc-951">
         <name>.text:strtoull</name>
         <load_address>0x1553c</load_address>
         <run_address>0x1553c</run_address>
         <size>0x240</size>
         <input_file_ref idref="fl-96"/>
      </object_component>
      <object_component id="oc-963">
         <name>.text:strtol</name>
         <load_address>0x1577c</load_address>
         <run_address>0x1577c</run_address>
         <size>0x23c</size>
         <input_file_ref idref="fl-93"/>
      </object_component>
      <object_component id="oc-611">
         <name>.text:CH_InitializeChannels</name>
         <load_address>0x159b8</load_address>
         <run_address>0x159b8</run_address>
         <size>0x23a</size>
         <input_file_ref idref="fl-5"/>
      </object_component>
      <object_component id="oc-987">
         <name>.text:_sproc_float$36</name>
         <load_address>0x15bf2</load_address>
         <run_address>0x15bf2</run_address>
         <size>0x234</size>
         <input_file_ref idref="fl-6f"/>
      </object_component>
      <object_component id="oc-9e4">
         <name>.text:acvt</name>
         <load_address>0x15e26</load_address>
         <run_address>0x15e26</run_address>
         <size>0x224</size>
         <input_file_ref idref="fl-6e"/>
      </object_component>
      <object_component id="oc-9d7">
         <name>.text:__mspabi_divd</name>
         <load_address>0x1604a</load_address>
         <run_address>0x1604a</run_address>
         <size>0x21c</size>
         <input_file_ref idref="fl-7c"/>
      </object_component>
      <object_component id="oc-632">
         <name>.text:MAIN_HandleCommand</name>
         <load_address>0x16268</load_address>
         <run_address>0x16268</run_address>
         <size>0x20e</size>
         <input_file_ref idref="fl-2"/>
      </object_component>
      <object_component id="oc-8fd">
         <name>.text:__TI_printfi:_getarg_diouxp___TI_printfi</name>
         <load_address>0x16476</load_address>
         <run_address>0x16476</run_address>
         <size>0x206</size>
         <input_file_ref idref="fl-6e"/>
      </object_component>
      <object_component id="oc-9b7">
         <name>.text:ecvt</name>
         <load_address>0x1667c</load_address>
         <run_address>0x1667c</run_address>
         <size>0x1e6</size>
         <input_file_ref idref="fl-6e"/>
      </object_component>
      <object_component id="oc-94b">
         <name>.text:strtoul</name>
         <load_address>0x16862</load_address>
         <run_address>0x16862</run_address>
         <size>0x1cc</size>
         <input_file_ref idref="fl-95"/>
      </object_component>
      <object_component id="oc-9ca">
         <name>.text:fcvt</name>
         <load_address>0x16a2e</load_address>
         <run_address>0x16a2e</run_address>
         <size>0x1c8</size>
         <input_file_ref idref="fl-6e"/>
      </object_component>
      <object_component id="oc-922">
         <name>.text:_pconv_e</name>
         <load_address>0x16bf6</load_address>
         <run_address>0x16bf6</run_address>
         <size>0x1a2</size>
         <input_file_ref idref="fl-6e"/>
      </object_component>
      <object_component id="oc-993">
         <name>.text:_sproc_int$36</name>
         <load_address>0x16d98</load_address>
         <run_address>0x16d98</run_address>
         <size>0x1a0</size>
         <input_file_ref idref="fl-6f"/>
      </object_component>
      <object_component id="oc-733">
         <name>.text:MAIN_ExecuteSTATUS</name>
         <load_address>0x16f38</load_address>
         <run_address>0x16f38</run_address>
         <size>0x190</size>
         <input_file_ref idref="fl-2"/>
      </object_component>
      <object_component id="oc-975">
         <name>.text:_sget_conv$36</name>
         <load_address>0x170c8</load_address>
         <run_address>0x170c8</run_address>
         <size>0x188</size>
         <input_file_ref idref="fl-6f"/>
      </object_component>
      <object_component id="oc-5db">
         <name>.text:GPIO_InitializeGPIO</name>
         <load_address>0x17250</load_address>
         <run_address>0x17250</run_address>
         <size>0x17c</size>
         <input_file_ref idref="fl-b"/>
      </object_component>
      <object_component id="oc-928">
         <name>.text:_pconv_a</name>
         <load_address>0x173cc</load_address>
         <run_address>0x173cc</run_address>
         <size>0x170</size>
         <input_file_ref idref="fl-6e"/>
      </object_component>
      <object_component id="oc-687">
         <name>.text:__TI_frcmpyd</name>
         <load_address>0x1753c</load_address>
         <run_address>0x1753c</run_address>
         <size>0x164</size>
         <input_file_ref idref="fl-82"/>
      </object_component>
      <object_component id="oc-9f7">
         <name>.text:scalbn</name>
         <load_address>0x176a0</load_address>
         <run_address>0x176a0</run_address>
         <size>0x15a</size>
         <input_file_ref idref="fl-71"/>
      </object_component>
      <object_component id="oc-8a9">
         <name>.text:__TI_printfi:_pproc_diouxp___TI_printfi</name>
         <load_address>0x177fa</load_address>
         <run_address>0x177fa</run_address>
         <size>0x148</size>
         <input_file_ref idref="fl-6e"/>
      </object_component>
      <object_component id="oc-903">
         <name>.text:__TI_printfi:_ltostr___TI_printfi</name>
         <load_address>0x17942</load_address>
         <run_address>0x17942</run_address>
         <size>0x128</size>
         <input_file_ref idref="fl-6e"/>
      </object_component>
      <object_component id="oc-916">
         <name>.text:_pconv_g</name>
         <load_address>0x17a6a</load_address>
         <run_address>0x17a6a</run_address>
         <size>0xfc</size>
         <input_file_ref idref="fl-6e"/>
      </object_component>
      <object_component id="oc-7dd">
         <name>.text:__TI_printfi:_pproc_fwp___TI_printfi</name>
         <load_address>0x17b66</load_address>
         <run_address>0x17b66</run_address>
         <size>0xea</size>
         <input_file_ref idref="fl-6e"/>
      </object_component>
      <object_component id="oc-5f3">
         <name>.text:CLK_InitializeCLK</name>
         <load_address>0x17c50</load_address>
         <run_address>0x17c50</run_address>
         <size>0xe0</size>
         <input_file_ref idref="fl-6"/>
      </object_component>
      <object_component id="oc-4ed">
         <name>.text:__mspabi_cmpd</name>
         <load_address>0x17d30</load_address>
         <run_address>0x17d30</run_address>
         <size>0xd8</size>
         <input_file_ref idref="fl-62"/>
      </object_component>
      <object_component id="oc-7ef">
         <name>.text:__TI_printfi:_pproc_wstr___TI_printfi</name>
         <load_address>0x17e08</load_address>
         <run_address>0x17e08</run_address>
         <size>0xc8</size>
         <input_file_ref idref="fl-6e"/>
      </object_component>
      <object_component id="oc-72d">
         <name>.text:MAIN_ExecuteSCLOCK</name>
         <load_address>0x17ed0</load_address>
         <run_address>0x17ed0</run_address>
         <size>0xc2</size>
         <input_file_ref idref="fl-2"/>
      </object_component>
      <object_component id="oc-50b">
         <name>.text:MAIN_ExecuteSTOP</name>
         <load_address>0x17f94</load_address>
         <run_address>0x17f94</run_address>
         <size>0xc0</size>
         <input_file_ref idref="fl-2"/>
      </object_component>
      <object_component id="oc-5c1">
         <name>.text:DMA_InitializeDMA</name>
         <load_address>0x18054</load_address>
         <run_address>0x18054</run_address>
         <size>0xb8</size>
         <input_file_ref idref="fl-9"/>
      </object_component>
      <object_component id="oc-95d">
         <name>.text:__mspabi_cvtdf</name>
         <load_address>0x1810c</load_address>
         <run_address>0x1810c</run_address>
         <size>0xb2</size>
         <input_file_ref idref="fl-a3"/>
      </object_component>
      <object_component id="oc-525">
         <name>.text:main</name>
         <load_address>0x181c0</load_address>
         <run_address>0x181c0</run_address>
         <size>0xae</size>
         <input_file_ref idref="fl-2"/>
      </object_component>
      <object_component id="oc-7e9">
         <name>.text:__TI_printfi:_pproc_str___TI_printfi</name>
         <load_address>0x1826e</load_address>
         <run_address>0x1826e</run_address>
         <size>0xa6</size>
         <input_file_ref idref="fl-6e"/>
      </object_component>
      <object_component id="oc-9de">
         <name>.text:frexp</name>
         <load_address>0x18314</load_address>
         <run_address>0x18314</run_address>
         <size>0xa6</size>
         <input_file_ref idref="fl-70"/>
      </object_component>
      <object_component id="oc-a42">
         <name>.text:__mspabi_fltlid</name>
         <load_address>0x183ba</load_address>
         <run_address>0x183ba</run_address>
         <size>0x9e</size>
         <input_file_ref idref="fl-80"/>
      </object_component>
      <object_component id="oc-9bd">
         <name>.text:_ecpy</name>
         <load_address>0x18458</load_address>
         <run_address>0x18458</run_address>
         <size>0x90</size>
         <input_file_ref idref="fl-6e"/>
      </object_component>
      <object_component id="oc-9c3">
         <name>.text:_mcpy</name>
         <load_address>0x184e8</load_address>
         <run_address>0x184e8</run_address>
         <size>0x90</size>
         <input_file_ref idref="fl-6e"/>
      </object_component>
      <object_component id="oc-97b">
         <name>.text:_sproc_str$36</name>
         <load_address>0x18578</load_address>
         <run_address>0x18578</run_address>
         <size>0x82</size>
         <input_file_ref idref="fl-6f"/>
      </object_component>
      <object_component id="oc-a3c">
         <name>.text:__TI_ltoa</name>
         <load_address>0x185fa</load_address>
         <run_address>0x185fa</run_address>
         <size>0x80</size>
         <input_file_ref idref="fl-85"/>
      </object_component>
      <object_component id="oc-4e1">
         <name>.text:__mspabi_fltuld</name>
         <load_address>0x1867a</load_address>
         <run_address>0x1867a</run_address>
         <size>0x80</size>
         <input_file_ref idref="fl-65"/>
      </object_component>
      <object_component id="oc-98d">
         <name>.text:_sproc_lb$36</name>
         <load_address>0x186fa</load_address>
         <run_address>0x186fa</run_address>
         <size>0x80</size>
         <input_file_ref idref="fl-6f"/>
      </object_component>
      <object_component id="oc-981">
         <name>.text:_sproc_wstr$36</name>
         <load_address>0x1877a</load_address>
         <run_address>0x1877a</run_address>
         <size>0x80</size>
         <input_file_ref idref="fl-6f"/>
      </object_component>
      <object_component id="oc-91c">
         <name>.text:_pconv_f</name>
         <load_address>0x187fa</load_address>
         <run_address>0x187fa</run_address>
         <size>0x78</size>
         <input_file_ref idref="fl-6e"/>
      </object_component>
      <object_component id="oc-96f">
         <name>.text:_chkmbc$16</name>
         <load_address>0x18872</load_address>
         <run_address>0x18872</run_address>
         <size>0x76</size>
         <input_file_ref idref="fl-34"/>
      </object_component>
      <object_component id="oc-71">
         <name>.text:decompress:lzss:__TI_decompress_lzss</name>
         <load_address>0x188e8</load_address>
         <run_address>0x188e8</run_address>
         <size>0x76</size>
         <input_file_ref idref="fl-60"/>
      </object_component>
      <object_component id="oc-721">
         <name>.text:MAIN_ExecuteSATTEN</name>
         <load_address>0x18960</load_address>
         <run_address>0x18960</run_address>
         <size>0x6a</size>
         <input_file_ref idref="fl-2"/>
      </object_component>
      <object_component id="oc-4d1">
         <name>.text:ADC_SetADCChannel</name>
         <load_address>0x189cc</load_address>
         <run_address>0x189cc</run_address>
         <size>0x68</size>
         <input_file_ref idref="fl-3"/>
      </object_component>
      <object_component id="oc-591">
         <name>.text:__mspabi_fixdul</name>
         <load_address>0x18a34</load_address>
         <run_address>0x18a34</run_address>
         <size>0x68</size>
         <input_file_ref idref="fl-a5"/>
      </object_component>
      <object_component id="oc-745">
         <name>.text:MAIN_ExecuteSGAIN</name>
         <load_address>0x18a9c</load_address>
         <run_address>0x18a9c</run_address>
         <size>0x66</size>
         <input_file_ref idref="fl-2"/>
      </object_component>
      <object_component id="oc-a36">
         <name>.text:__mspabi_fixdli</name>
         <load_address>0x18b02</load_address>
         <run_address>0x18b02</run_address>
         <size>0x66</size>
         <input_file_ref idref="fl-7e"/>
      </object_component>
      <object_component id="oc-892">
         <name>.text:atoi</name>
         <load_address>0x18b68</load_address>
         <run_address>0x18b68</run_address>
         <size>0x62</size>
         <input_file_ref idref="fl-86"/>
      </object_component>
      <object_component id="oc-71b">
         <name>.text:MAIN_ExecuteGATTEN</name>
         <load_address>0x18bcc</load_address>
         <run_address>0x18bcc</run_address>
         <size>0x5e</size>
         <input_file_ref idref="fl-2"/>
      </object_component>
      <object_component id="oc-73f">
         <name>.text:MAIN_ExecuteGGAIN</name>
         <load_address>0x18c2c</load_address>
         <run_address>0x18c2c</run_address>
         <size>0x5e</size>
         <input_file_ref idref="fl-2"/>
      </object_component>
      <object_component id="oc-70f">
         <name>.text:MAIN_ExecuteGPGAIN</name>
         <load_address>0x18c8c</load_address>
         <run_address>0x18c8c</run_address>
         <size>0x5e</size>
         <input_file_ref idref="fl-2"/>
      </object_component>
      <object_component id="oc-796">
         <name>.text:__mpyll</name>
         <load_address>0x18cea</load_address>
         <run_address>0x18cea</run_address>
         <size>0x5c</size>
         <input_file_ref idref="fl-56"/>
      </object_component>
      <object_component id="oc-9ad">
         <name>.text</name>
         <load_address>0x18d46</load_address>
         <run_address>0x18d46</run_address>
         <size>0x58</size>
         <input_file_ref idref="fl-75"/>
      </object_component>
      <object_component id="oc-727">
         <name>.text:MAIN_ExecuteGCLOCK</name>
         <load_address>0x18da0</load_address>
         <run_address>0x18da0</run_address>
         <size>0x56</size>
         <input_file_ref idref="fl-2"/>
      </object_component>
      <object_component id="oc-664">
         <name>.text:__TI_auto_init_nobinit_nopinit_hold_wdt:__TI_auto_init_nobinit_nopinit_hold_wdt</name>
         <load_address>0x18df6</load_address>
         <run_address>0x18df6</run_address>
         <size>0x54</size>
         <input_file_ref idref="fl-58"/>
      </object_component>
      <object_component id="oc-a07">
         <name>.text:__mspabi_remull</name>
         <load_address>0x18e4a</load_address>
         <run_address>0x18e4a</run_address>
         <size>0x54</size>
         <input_file_ref idref="fl-a2"/>
      </object_component>
      <object_component id="oc-811">
         <name>.text:strtok</name>
         <load_address>0x18e9e</load_address>
         <run_address>0x18e9e</run_address>
         <size>0x50</size>
         <input_file_ref idref="fl-6c"/>
      </object_component>
      <object_component id="oc-757">
         <name>.text:MAIN_ExecuteHELP</name>
         <load_address>0x18ef0</load_address>
         <run_address>0x18ef0</run_address>
         <size>0x4e</size>
         <input_file_ref idref="fl-2"/>
      </object_component>
      <object_component id="oc-9d0">
         <name>.text:_fcpy</name>
         <load_address>0x18f3e</load_address>
         <run_address>0x18f3e</run_address>
         <size>0x4e</size>
         <input_file_ref idref="fl-6e"/>
      </object_component>
      <object_component id="oc-5e1">
         <name>.text:ADC_InitializeADC</name>
         <load_address>0x18f8c</load_address>
         <run_address>0x18f8c</run_address>
         <size>0x4c</size>
         <input_file_ref idref="fl-3"/>
      </object_component>
      <object_component id="oc-825">
         <name>.text:PIXIE_TypeStrings</name>
         <load_address>0x18fd8</load_address>
         <run_address>0x18fd8</run_address>
         <size>0x46</size>
         <input_file_ref idref="fl-d"/>
      </object_component>
      <object_component id="oc-4fe">
         <name>.text:sprintf</name>
         <load_address>0x1901e</load_address>
         <run_address>0x1901e</run_address>
         <size>0x44</size>
         <input_file_ref idref="fl-33"/>
      </object_component>
      <object_component id="oc-68e">
         <name>.text:__mspabi_srall</name>
         <load_address>0x19062</load_address>
         <run_address>0x19062</run_address>
         <size>0x40</size>
         <input_file_ref idref="fl-a6"/>
      </object_component>
      <object_component id="oc-a7d">
         <name>.text</name>
         <load_address>0x190a2</load_address>
         <run_address>0x190a2</run_address>
         <size>0x40</size>
         <input_file_ref idref="fl-9a"/>
      </object_component>
      <object_component id="oc-a86">
         <name>.text:l_asr_const</name>
         <load_address>0x190e2</load_address>
         <run_address>0x190e2</run_address>
         <size>0x3e</size>
         <input_file_ref idref="fl-99"/>
      </object_component>
      <object_component id="oc-56b">
         <name>.text:l_lsl_const</name>
         <load_address>0x19120</load_address>
         <run_address>0x19120</run_address>
         <size>0x3e</size>
         <input_file_ref idref="fl-4e"/>
      </object_component>
      <object_component id="oc-570">
         <name>.text:l_lsr_const</name>
         <load_address>0x1915e</load_address>
         <run_address>0x1915e</run_address>
         <size>0x3e</size>
         <input_file_ref idref="fl-50"/>
      </object_component>
      <object_component id="oc-504">
         <name>.text:UART1_puts</name>
         <load_address>0x1919c</load_address>
         <run_address>0x1919c</run_address>
         <size>0x3c</size>
         <input_file_ref idref="fl-11"/>
      </object_component>
      <object_component id="oc-694">
         <name>.text:__mspabi_sllll</name>
         <load_address>0x191d8</load_address>
         <run_address>0x191d8</run_address>
         <size>0x3a</size>
         <input_file_ref idref="fl-a1"/>
      </object_component>
      <object_component id="oc-7a0">
         <name>.text:__mspabi_srlll</name>
         <load_address>0x19212</load_address>
         <run_address>0x19212</run_address>
         <size>0x3a</size>
         <input_file_ref idref="fl-5c"/>
      </object_component>
      <object_component id="oc-709">
         <name>.text:MAIN_ExecuteSAVE</name>
         <load_address>0x1924c</load_address>
         <run_address>0x1924c</run_address>
         <size>0x36</size>
         <input_file_ref idref="fl-2"/>
      </object_component>
      <object_component id="oc-834">
         <name>.text:ADC_CheckChannelGain</name>
         <load_address>0x19284</load_address>
         <run_address>0x19284</run_address>
         <size>0x34</size>
         <input_file_ref idref="fl-3"/>
      </object_component>
      <object_component id="oc-82b">
         <name>.text:STATE_GetStateName</name>
         <load_address>0x192b8</load_address>
         <run_address>0x192b8</run_address>
         <size>0x32</size>
         <input_file_ref idref="fl-f"/>
      </object_component>
      <object_component id="oc-a48">
         <name>.text:__mspabi_subd</name>
         <load_address>0x192ea</load_address>
         <run_address>0x192ea</run_address>
         <size>0x32</size>
         <input_file_ref idref="fl-84"/>
      </object_component>
      <object_component id="oc-4b6">
         <name>.text:CLK_GetRTC</name>
         <load_address>0x1931c</load_address>
         <run_address>0x1931c</run_address>
         <size>0x30</size>
         <input_file_ref idref="fl-6"/>
      </object_component>
      <object_component id="oc-4bc">
         <name>.text:CLK_SetRTC</name>
         <load_address>0x1934c</load_address>
         <run_address>0x1934c</run_address>
         <size>0x30</size>
         <input_file_ref idref="fl-6"/>
      </object_component>
      <object_component id="oc-910">
         <name>.text:__mspabi_negd</name>
         <load_address>0x1937c</load_address>
         <run_address>0x1937c</run_address>
         <size>0x2e</size>
         <input_file_ref idref="fl-83"/>
      </object_component>
      <object_component id="oc-a6c">
         <name>.text:copysign</name>
         <load_address>0x193aa</load_address>
         <run_address>0x193aa</run_address>
         <size>0x2e</size>
         <input_file_ref idref="fl-72"/>
      </object_component>
      <object_component id="oc-79b">
         <name>.text:__mpyull</name>
         <load_address>0x193d8</load_address>
         <run_address>0x193d8</run_address>
         <size>0x2c</size>
         <input_file_ref idref="fl-55"/>
      </object_component>
      <object_component id="oc-8c1">
         <name>.text:strcspn</name>
         <load_address>0x19404</load_address>
         <run_address>0x19404</run_address>
         <size>0x2c</size>
         <input_file_ref idref="fl-8e"/>
      </object_component>
      <object_component id="oc-8bb">
         <name>.text:strspn</name>
         <load_address>0x19430</load_address>
         <run_address>0x19430</run_address>
         <size>0x2a</size>
         <input_file_ref idref="fl-91"/>
      </object_component>
      <object_component id="oc-a4e">
         <name>.text:__mspabi_fixdi</name>
         <load_address>0x1945a</load_address>
         <run_address>0x1945a</run_address>
         <size>0x28</size>
         <input_file_ref idref="fl-7d"/>
      </object_component>
      <object_component id="oc-883">
         <name>.text:memccpy</name>
         <load_address>0x19482</load_address>
         <run_address>0x19482</run_address>
         <size>0x26</size>
         <input_file_ref idref="fl-8a"/>
      </object_component>
      <object_component id="oc-5f9">
         <name>.text:UART_InitializeUART</name>
         <load_address>0x194a8</load_address>
         <run_address>0x194a8</run_address>
         <size>0x24</size>
         <input_file_ref idref="fl-11"/>
      </object_component>
      <object_component id="oc-423">
         <name>.text:decompress:ZI:__TI_zero_init_nomemset:__TI_zero_init_nomemset</name>
         <load_address>0x194cc</load_address>
         <run_address>0x194cc</run_address>
         <size>0x24</size>
         <input_file_ref idref="fl-59"/>
      </object_component>
      <object_component id="oc-4dc">
         <name>.text</name>
         <load_address>0x194f0</load_address>
         <run_address>0x194f0</run_address>
         <size>0x24</size>
         <input_file_ref idref="fl-54"/>
      </object_component>
      <object_component id="oc-59a">
         <name>.text:_outs$15</name>
         <load_address>0x19514</load_address>
         <run_address>0x19514</run_address>
         <size>0x20</size>
         <input_file_ref idref="fl-33"/>
      </object_component>
      <object_component id="oc-5af">
         <name>.text:STATE_SetState</name>
         <load_address>0x19534</load_address>
         <run_address>0x19534</run_address>
         <size>0x1e</size>
         <input_file_ref idref="fl-f"/>
      </object_component>
      <object_component id="oc-a27">
         <name>.text:strchr</name>
         <load_address>0x19552</load_address>
         <run_address>0x19552</run_address>
         <size>0x1c</size>
         <input_file_ref idref="fl-8c"/>
      </object_component>
      <object_component id="oc-a1f">
         <name>.text:strrchr</name>
         <load_address>0x1956e</load_address>
         <run_address>0x1956e</run_address>
         <size>0x1c</size>
         <input_file_ref idref="fl-90"/>
      </object_component>
      <object_component id="oc-5ff">
         <name>.text:TIMER_InitializeTimers</name>
         <load_address>0x1958c</load_address>
         <run_address>0x1958c</run_address>
         <size>0x1a</size>
         <input_file_ref idref="fl-10"/>
      </object_component>
      <object_component id="oc-867">
         <name>.text</name>
         <load_address>0x195a6</load_address>
         <run_address>0x195a6</run_address>
         <size>0x18</size>
         <input_file_ref idref="fl-51"/>
      </object_component>
      <object_component id="oc-5e7">
         <name>.text:DAC_InitializeDAC</name>
         <load_address>0x195c0</load_address>
         <run_address>0x195c0</run_address>
         <size>0x16</size>
         <input_file_ref idref="fl-8"/>
      </object_component>
      <object_component id="oc-6fb">
         <name>.text:TIMER_StartTimer0AND1</name>
         <load_address>0x195d8</load_address>
         <run_address>0x195d8</run_address>
         <size>0x16</size>
         <input_file_ref idref="fl-10"/>
      </object_component>
      <object_component id="oc-876">
         <name>.text:memset</name>
         <load_address>0x195ee</load_address>
         <run_address>0x195ee</run_address>
         <size>0x16</size>
         <input_file_ref idref="fl-8b"/>
      </object_component>
      <object_component id="oc-8df">
         <name>.text</name>
         <load_address>0x19604</load_address>
         <run_address>0x19604</run_address>
         <size>0x16</size>
         <input_file_ref idref="fl-74"/>
      </object_component>
      <object_component id="oc-8a1">
         <name>.text:wcslen</name>
         <load_address>0x1961a</load_address>
         <run_address>0x1961a</run_address>
         <size>0x16</size>
         <input_file_ref idref="fl-73"/>
      </object_component>
      <object_component id="oc-4ca">
         <name>.text:DMA_RenewDACBuffer</name>
         <load_address>0x19630</load_address>
         <run_address>0x19630</run_address>
         <size>0x14</size>
         <input_file_ref idref="fl-9"/>
      </object_component>
      <object_component id="oc-5ed">
         <name>.text:OPAMP_InitializeOPAMP</name>
         <load_address>0x19644</load_address>
         <run_address>0x19644</run_address>
         <size>0x14</size>
         <input_file_ref idref="fl-c"/>
      </object_component>
      <object_component id="oc-939">
         <name>.text:_inpchar$16</name>
         <load_address>0x19658</load_address>
         <run_address>0x19658</run_address>
         <size>0x14</size>
         <input_file_ref idref="fl-34"/>
      </object_component>
      <object_component id="oc-5a0">
         <name>.text:_outc$15</name>
         <load_address>0x1966c</load_address>
         <run_address>0x1966c</run_address>
         <size>0x14</size>
         <input_file_ref idref="fl-33"/>
      </object_component>
      <object_component id="oc-403">
         <name>.text:memcpy</name>
         <load_address>0x19680</load_address>
         <run_address>0x19680</run_address>
         <size>0x14</size>
         <input_file_ref idref="fl-6b"/>
      </object_component>
      <object_component id="oc-4f3">
         <name>.text:__mspabi_fixdu</name>
         <load_address>0x19694</load_address>
         <run_address>0x19694</run_address>
         <size>0x12</size>
         <input_file_ref idref="fl-63"/>
      </object_component>
      <object_component id="oc-77">
         <name>.text:decompress:none:__TI_decompress_none</name>
         <load_address>0x196a6</load_address>
         <run_address>0x196a6</run_address>
         <size>0x12</size>
         <input_file_ref idref="fl-5f"/>
      </object_component>
      <object_component id="oc-817">
         <name>.text:sscanf</name>
         <load_address>0x196b8</load_address>
         <run_address>0x196b8</run_address>
         <size>0x12</size>
         <input_file_ref idref="fl-34"/>
      </object_component>
      <object_component id="oc-90a">
         <name>.text:toupper</name>
         <load_address>0x196ca</load_address>
         <run_address>0x196ca</run_address>
         <size>0x12</size>
         <input_file_ref idref="fl-97"/>
      </object_component>
      <object_component id="oc-58a">
         <name>.text:l_lsl</name>
         <load_address>0x196dc</load_address>
         <run_address>0x196dc</run_address>
         <size>0x10</size>
         <input_file_ref idref="fl-4e"/>
      </object_component>
      <object_component id="oc-585">
         <name>.text:l_lsr</name>
         <load_address>0x196ec</load_address>
         <run_address>0x196ec</run_address>
         <size>0x10</size>
         <input_file_ref idref="fl-50"/>
      </object_component>
      <object_component id="oc-945">
         <name>.text:strcpy</name>
         <load_address>0x196fc</load_address>
         <run_address>0x196fc</run_address>
         <size>0x10</size>
         <input_file_ref idref="fl-8d"/>
      </object_component>
      <object_component id="oc-60b">
         <name>.text:STATE_InitializeState</name>
         <load_address>0x1970c</load_address>
         <run_address>0x1970c</run_address>
         <size>0xe</size>
         <input_file_ref idref="fl-f"/>
      </object_component>
      <object_component id="oc-5b5">
         <name>.text:TIMER_ResetTimer0</name>
         <load_address>0x1971c</load_address>
         <run_address>0x1971c</run_address>
         <size>0xe</size>
         <input_file_ref idref="fl-10"/>
      </object_component>
      <object_component id="oc-5bb">
         <name>.text:TIMER_ResetTimer1</name>
         <load_address>0x1972c</load_address>
         <run_address>0x1972c</run_address>
         <size>0xe</size>
         <input_file_ref idref="fl-10"/>
      </object_component>
      <object_component id="oc-a18">
         <name>.text:isxdigit</name>
         <load_address>0x1973a</load_address>
         <run_address>0x1973a</run_address>
         <size>0xe</size>
         <input_file_ref idref="fl-89"/>
      </object_component>
      <object_component id="oc-7ab">
         <name>.text:strlen</name>
         <load_address>0x19748</load_address>
         <run_address>0x19748</run_address>
         <size>0xe</size>
         <input_file_ref idref="fl-8f"/>
      </object_component>
      <object_component id="oc-739">
         <name>.text:MAIN_ExecuteRESET</name>
         <load_address>0x19758</load_address>
         <run_address>0x19758</run_address>
         <size>0xc</size>
         <input_file_ref idref="fl-2"/>
      </object_component>
      <object_component id="oc-5a9">
         <name>.text:STATE_IsIdle</name>
         <load_address>0x19764</load_address>
         <run_address>0x19764</run_address>
         <size>0xc</size>
         <input_file_ref idref="fl-f"/>
      </object_component>
      <object_component id="oc-83b">
         <name>.text:TIMER_StartTimer0</name>
         <load_address>0x19770</load_address>
         <run_address>0x19770</run_address>
         <size>0xc</size>
         <input_file_ref idref="fl-10"/>
      </object_component>
      <object_component id="oc-845">
         <name>.text:TIMER_StartTimer1</name>
         <load_address>0x1977c</load_address>
         <run_address>0x1977c</run_address>
         <size>0xc</size>
         <input_file_ref idref="fl-10"/>
      </object_component>
      <object_component id="oc-a61">
         <name>.text:__mspabi_fltid</name>
         <load_address>0x19788</load_address>
         <run_address>0x19788</run_address>
         <size>0xc</size>
         <input_file_ref idref="fl-7f"/>
      </object_component>
      <object_component id="oc-a12">
         <name>.text:isdigit</name>
         <load_address>0x19794</load_address>
         <run_address>0x19794</run_address>
         <size>0xc</size>
         <input_file_ref idref="fl-88"/>
      </object_component>
      <object_component id="oc-933">
         <name>.text:isspace</name>
         <load_address>0x197a0</load_address>
         <run_address>0x197a0</run_address>
         <size>0xc</size>
         <input_file_ref idref="fl-6a"/>
      </object_component>
      <object_component id="oc-62c">
         <name>.text:STATE_IsRunning</name>
         <load_address>0x197ac</load_address>
         <run_address>0x197ac</run_address>
         <size>0xa</size>
         <input_file_ref idref="fl-f"/>
      </object_component>
      <object_component id="oc-9fd">
         <name>.text:abs</name>
         <load_address>0x197b6</load_address>
         <run_address>0x197b6</run_address>
         <size>0xa</size>
         <input_file_ref idref="fl-98"/>
      </object_component>
      <object_component id="oc-6e8">
         <name>.text</name>
         <load_address>0x197c0</load_address>
         <run_address>0x197c0</run_address>
         <size>0xa</size>
         <input_file_ref idref="fl-4f"/>
      </object_component>
      <object_component id="oc-6ed">
         <name>.text:DMA_SetDMA0</name>
         <load_address>0x197cc</load_address>
         <run_address>0x197cc</run_address>
         <size>0x8</size>
         <input_file_ref idref="fl-9"/>
      </object_component>
      <object_component id="oc-6f4">
         <name>.text:DMA_SetDMA1</name>
         <load_address>0x197d4</load_address>
         <run_address>0x197d4</run_address>
         <size>0x8</size>
         <input_file_ref idref="fl-9"/>
      </object_component>
      <object_component id="oc-5d5">
         <name>.text:WDT_InitializeWDT</name>
         <load_address>0x197dc</load_address>
         <run_address>0x197dc</run_address>
         <size>0x8</size>
         <input_file_ref idref="fl-12"/>
      </object_component>
      <object_component id="oc-93f">
         <name>.text:_uninpchar$16</name>
         <load_address>0x197e4</load_address>
         <run_address>0x197e4</run_address>
         <size>0x8</size>
         <input_file_ref idref="fl-34"/>
      </object_component>
      <object_component id="oc-638">
         <name>.text:WDT_SoftwareReset</name>
         <load_address>0x197ec</load_address>
         <run_address>0x197ec</run_address>
         <size>0x6</size>
         <input_file_ref idref="fl-12"/>
      </object_component>
      <object_component id="oc-640">
         <name>.text:abort</name>
         <load_address>0x197f2</load_address>
         <run_address>0x197f2</run_address>
         <size>0x6</size>
         <input_file_ref idref="fl-67"/>
      </object_component>
      <object_component id="oc-51f">
         <name>.text:_system_pre_init</name>
         <load_address>0x197f8</load_address>
         <run_address>0x197f8</run_address>
         <size>0x4</size>
         <input_file_ref idref="fl-5d"/>
      </object_component>
      <object_component id="oc-41d">
         <name>.text:_isr:DMA_ISR</name>
         <load_address>0x4400</load_address>
         <run_address>0x4400</run_address>
         <size>0x5aa</size>
[...]
         <name>main</name>
         <value>0x181c0</value>
         <object_component_ref idref="oc-525"/>
      </symbol>
      <symbol id="sm-d34">
         <name>RTCISR</name>
         <value>0x4a08</value>
         <object_component_ref idref="oc-411"/>
      </symbol>
      <symbol id="sm-d35">
         <name>MAIN_ExecuteRESET</name>
         <value>0x19758</value>
         <object_component_ref idref="oc-739"/>
      </symbol>
      <symbol id="sm-d36">
         <name>MAIN_ExecuteFLOOD</name>
         <value>0x145c0</value>
         <object_component_ref idref="oc-751"/>
      </symbol>
      <symbol id="sm-d37">
         <name>MAIN_InitializeLockIn</name>
         <value>0x12af8</value>
         <object_component_ref idref="oc-605"/>
      </symbol>
      <symbol id="sm-d38">
         <name>MAIN_YAcc</name>
         <value>0x292c</value>
         <object_component_ref idref="oc-4b0"/>
      </symbol>
      <symbol id="sm-d39">
         <name>MAIN_ExecuteSTATUS</name>
         <value>0x16f38</value>
         <object_component_ref idref="oc-733"/>
      </symbol>
      <symbol id="sm-d3a">
         <name>MAIN_ExecuteSAVE</name>
         <value>0x1924c</value>
         <object_component_ref idref="oc-709"/>
      </symbol>
      <symbol id="sm-d3b">
         <name>MAIN_ExecuteRUN</name>
         <value>0x10000</value>
         <object_component_ref idref="oc-626"/>
      </symbol>
      <symbol id="sm-d3c">
         <name>MAIN_ExecuteHELP</name>
         <value>0x18ef0</value>
         <object_component_ref idref="oc-757"/>
      </symbol>
      <symbol id="sm-d3d">
         <name>MAIN_XAcc</name>
         <value>0x2928</value>
         <object_component_ref idref="oc-4b0"/>
      </symbol>
      <symbol id="sm-d3e">
         <name>MAIN_LockInYRef</name>
         <value>0x28c4</value>
         <object_component_ref idref="oc-566"/>
      </symbol>
      <symbol id="sm-d3f">
         <name>MAIN_YFilterTap1</name>
         <value>0x291c</value>
         <object_component_ref idref="oc-4b0"/>
      </symbol>
      <symbol id="sm-d40">
         <name>MAIN_ExecuteGATTEN</name>
         <value>0x18bcc</value>
         <object_component_ref idref="oc-71b"/>
      </symbol>
      <symbol id="sm-d41">
         <name>MAIN_YFilterTap2</name>
         <value>0x2920</value>
         <object_component_ref idref="oc-4b0"/>
      </symbol>
      <symbol id="sm-d42">
         <name>MAIN_IndexNumber</name>
         <value>0x2932</value>
         <object_component_ref idref="oc-4b0"/>
      </symbol>
      <symbol id="sm-d43">
         <name>MAIN_XFilterTap1</name>
         <value>0x2914</value>
         <object_component_ref idref="oc-4b0"/>
      </symbol>
      <symbol id="sm-d44">
         <name>MAIN_XFilterTap2</name>
         <value>0x2918</value>
         <object_component_ref idref="oc-4b0"/>
      </symbol>
      <symbol id="sm-d45">
         <name>MAIN_PendingRTCSetFlag</name>
         <value>0x2906</value>
         <object_component_ref idref="oc-4b0"/>
      </symbol>
      <symbol id="sm-d46">
         <name>MAIN_ADCBuffer</name>
         <value>0x2400</value>
         <object_component_ref idref="oc-560"/>
      </symbol>
      <symbol id="sm-d47">
         <name>MAIN_ExecuteSATTEN</name>
         <value>0x18960</value>
         <object_component_ref idref="oc-721"/>
      </symbol>
      <symbol id="sm-d48">
         <name>MAIN_ExecuteSGAIN</name>
         <value>0x18a9c</value>
         <object_component_ref idref="oc-745"/>
      </symbol>
      <symbol id="sm-d49">
         <name>MAIN_ResetFlag</name>
         <value>0x2904</value>
         <object_component_ref idref="oc-4b0"/>
      </symbol>
      <symbol id="sm-d4a">
         <name>MAIN_ExecuteGPGAIN</name>
         <value>0x18c8c</value>
         <object_component_ref idref="oc-70f"/>
      </symbol>
      <symbol id="sm-d5a">
         <name>DSP_AnalysisLoop</name>
         <value>0x14b22</value>
         <object_component_ref idref="oc-4d7"/>
      </symbol>
      <symbol id="sm-d5d">
         <name>__TI_int37</name>
         <value>0xffca</value>
         <object_component_ref idref="oc-7d"/>
      </symbol>
      <symbol id="sm-d60">
         <name>__TI_int38</name>
         <value>0xffcc</value>
         <object_component_ref idref="oc-7e"/>
      </symbol>
      <symbol id="sm-d63">
         <name>__TI_int39</name>
         <value>0xffce</value>
         <object_component_ref idref="oc-7f"/>
      </symbol>
      <symbol id="sm-d66">
         <name>__TI_int40</name>
         <value>0xffd0</value>
         <object_component_ref idref="oc-80"/>
      </symbol>
      <symbol id="sm-d69">
         <name>__TI_int41</name>
         <value>0xffd2</value>
         <object_component_ref idref="oc-81"/>
      </symbol>
      <symbol id="sm-d6c">
         <name>__TI_int43</name>
         <value>0xffd6</value>
         <object_component_ref idref="oc-83"/>
      </symbol>
      <symbol id="sm-d6f">
         <name>__TI_int44</name>
         <value>0xffd8</value>
         <object_component_ref idref="oc-84"/>
      </symbol>
      <symbol id="sm-d72">
         <name>__TI_int45</name>
         <value>0xffda</value>
         <object_component_ref idref="oc-85"/>
      </symbol>
      <symbol id="sm-d75">
         <name>__TI_int47</name>
         <value>0xffde</value>
         <object_component_ref idref="oc-87"/>
      </symbol>
      <symbol id="sm-d78">
         <name>__TI_int48</name>
         <value>0xffe0</value>
         <object_component_ref idref="oc-88"/>
      </symbol>
      <symbol id="sm-d7b">
         <name>__TI_int49</name>
         <value>0xffe2</value>
         <object_component_ref idref="oc-89"/>
      </symbol>
      <symbol id="sm-d7e">
         <name>__TI_int51</name>
         <value>0xffe6</value>
         <object_component_ref idref="oc-8b"/>
      </symbol>
      <symbol id="sm-d81">
         <name>__TI_int52</name>
         <value>0xffe8</value>
         <object_component_ref idref="oc-8c"/>
      </symbol>
      <symbol id="sm-d84">
         <name>__TI_int53</name>
         <value>0xffea</value>
         <object_component_ref idref="oc-8d"/>
      </symbol>
      <symbol id="sm-d87">
         <name>__TI_int54</name>
         <value>0xffec</value>
         <object_component_ref idref="oc-8e"/>
      </symbol>
      <symbol id="sm-d8a">
         <name>__TI_int55</name>
         <value>0xffee</value>
         <object_component_ref idref="oc-8f"/>
      </symbol>
      <symbol id="sm-d8d">
         <name>__TI_int56</name>
         <value>0xfff0</value>
         <object_component_ref idref="oc-90"/>
      </symbol>
      <symbol id="sm-d90">
         <name>__TI_int57</name>
         <value>0xfff2</value>
         <object_component_ref idref="oc-91"/>
      </symbol>
      <symbol id="sm-d93">
         <name>__TI_int58</name>
         <value>0xfff4</value>
         <object_component_ref idref="oc-92"/>
      </symbol>
      <symbol id="sm-d96">
         <name>__TI_int59</name>
         <value>0xfff6</value>
         <object_component_ref idref="oc-93"/>
      </symbol>
      <symbol id="sm-d99">
         <name>__TI_int60</name>
         <value>0xfff8</value>
         <object_component_ref idref="oc-94"/>
      </symbol>
      <symbol id="sm-d9c">
         <name>__TI_int61</name>
         <value>0xfffa</value>
         <object_component_ref idref="oc-95"/>
      </symbol>
      <symbol id="sm-d9f">
         <name>__TI_int62</name>
         <value>0xfffc</value>
         <object_component_ref idref="oc-96"/>
      </symbol>
      <symbol id="sm-da7">
         <name>__TI_ISR_TRAP</name>
         <value>0x4a5c</value>
         <object_component_ref idref="oc-40c"/>
      </symbol>
      <symbol id="sm-db7">
         <name>__mspabi_slll_9</name>
         <value>0x19138</value>
         <object_component_ref idref="oc-56b"/>
      </symbol>
      <symbol id="sm-db8">
         <name>__mspabi_slll_8</name>
         <value>0x1913c</value>
         <object_component_ref idref="oc-56b"/>
      </symbol>
      <symbol id="sm-db9">
         <name>__mspabi_slll_7</name>
         <value>0x19140</value>
         <object_component_ref idref="oc-56b"/>
      </symbol>
      <symbol id="sm-dba">
         <name>__mspabi_slll_6</name>
         <value>0x19144</value>
         <object_component_ref idref="oc-56b"/>
      </symbol>
      <symbol id="sm-dbb">
         <name>__mspabi_slll_5</name>
         <value>0x19148</value>
         <object_component_ref idref="oc-56b"/>
      </symbol>
      <symbol id="sm-dbc">
         <name>__mspabi_slll_4</name>
         <value>0x1914c</value>
         <object_component_ref idref="oc-56b"/>
      </symbol>
      <symbol id="sm-dbd">
         <name>__mspabi_slll_3</name>
         <value>0x19150</value>
         <object_component_ref idref="oc-56b"/>
      </symbol>
      <symbol id="sm-dbe">
         <name>__mspabi_slll_2</name>
         <value>0x19154</value>
         <object_component_ref idref="oc-56b"/>
      </symbol>
      <symbol id="sm-dbf">
         <name>__mspabi_slll_1</name>
         <value>0x19158</value>
         <object_component_ref idref="oc-56b"/>
      </symbol>
      <symbol id="sm-dc0">
         <name>__mspabi_slll</name>
         <value>0x196dc</value>
         <object_component_ref idref="oc-58a"/>
      </symbol>
      <symbol id="sm-dc1">
         <name>__mspabi_slll_15</name>
         <value>0x19120</value>
         <object_component_ref idref="oc-56b"/>
      </symbol>
      <symbol id="sm-dc2">
         <name>__mspabi_slll_14</name>
         <value>0x19124</value>
         <object_component_ref idref="oc-56b"/>
      </symbol>
      <symbol id="sm-dc3">
         <name>__mspabi_slll_13</name>
         <value>0x19128</value>
         <object_component_ref idref="oc-56b"/>
      </symbol>
      <symbol id="sm-dc4">
         <name>__mspabi_slll_12</name>
         <value>0x1912c</value>
         <object_component_ref idref="oc-56b"/>
      </symbol>
      <symbol id="sm-dc5">
         <name>__mspabi_slll_11</name>
         <value>0x19130</value>
         <object_component_ref idref="oc-56b"/>
      </symbol>
      <symbol id="sm-dc6">
         <name>__mspabi_slll_10</name>
         <value>0x19134</value>
         <object_component_ref idref="oc-56b"/>
      </symbol>
      <symbol id="sm-dcf">
         <name>__mspabi_srli</name>
         <value>0x197c0</value>
         <object_component_ref idref="oc-6e8"/>
      </symbol>
      <symbol id="sm-ddf">
         <name>__mspabi_srll_8</name>
         <value>0x1917a</value>
         <object_component_ref idref="oc-570"/>
      </symbol>
      <symbol id="sm-de0">
         <name>__mspabi_srll_9</name>
         <value>0x19176</value>
         <object_component_ref idref="oc-570"/>
      </symbol>
      <symbol id="sm-de1">
         <name>__mspabi_srll_6</name>
         <value>0x19182</value>
         <object_component_ref idref="oc-570"/>
      </symbol>
      <symbol id="sm-de2">
         <name>__mspabi_srll_7</name>
         <value>0x1917e</value>
         <object_component_ref idref="oc-570"/>
      </symbol>
      <symbol id="sm-de3">
         <name>__mspabi_srll_4</name>
         <value>0x1918a</value>
         <object_component_ref idref="oc-570"/>
      </symbol>
      <symbol id="sm-de4">
         <name>__mspabi_srll_5</name>
         <value>0x19186</value>
         <object_component_ref idref="oc-570"/>
      </symbol>
      <symbol id="sm-de5">
         <name>__mspabi_srll_2</name>
         <value>0x19192</value>
         <object_component_ref idref="oc-570"/>
      </symbol>
      <symbol id="sm-de6">
         <name>__mspabi_srll_3</name>
         <value>0x1918e</value>
         <object_component_ref idref="oc-570"/>
      </symbol>
      <symbol id="sm-de7">
         <name>__mspabi_srll_1</name>
         <value>0x19196</value>
         <object_component_ref idref="oc-570"/>
      </symbol>
      <symbol id="sm-de8">
         <name>__mspabi_srll_15</name>
         <value>0x1915e</value>
         <object_component_ref idref="oc-570"/>
      </symbol>
      <symbol id="sm-de9">
         <name>__mspabi_srll_14</name>
         <value>0x19162</value>
         <object_component_ref idref="oc-570"/>
      </symbol>
      <symbol id="sm-dea">
         <name>__mspabi_srll_13</name>
         <value>0x19166</value>
         <object_component_ref idref="oc-570"/>
      </symbol>
      <symbol id="sm-deb">
         <name>__mspabi_srll_12</name>
         <value>0x1916a</value>
         <object_component_ref idref="oc-570"/>
      </symbol>
      <symbol id="sm-dec">
         <name>__mspabi_srll_11</name>
         <value>0x1916e</value>
         <object_component_ref idref="oc-570"/>
      </symbol>
      <symbol id="sm-ded">
         <name>__mspabi_srll_10</name>
         <value>0x19172</value>
         <object_component_ref idref="oc-570"/>
      </symbol>
      <symbol id="sm-dee">
         <name>__mspabi_srll</name>
         <value>0x196ec</value>
         <object_component_ref idref="oc-585"/>
      </symbol>
      <symbol id="sm-df6">
         <name>__mspabi_mpyi_f5hw</name>
         <value>0x195a6</value>
         <object_component_ref idref="oc-867"/>
      </symbol>
      <symbol id="sm-e00">
         <name>__mspabi_mpyl_f5hw</name>
         <value>0x194f0</value>
         <object_component_ref idref="oc-4dc"/>
      </symbol>
      <symbol id="sm-e08">
         <name>__mspabi_mpyull_f5hw</name>
         <value>0x193d8</value>
         <object_component_ref idref="oc-79b"/>
      </symbol>
      <symbol id="sm-e10">
         <name>__mspabi_mpyll_f5hw</name>
         <value>0x18cea</value>
         <object_component_ref idref="oc-796"/>
      </symbol>
      <symbol id="sm-e20">
         <name>_stack</name>
         <value>0x4360</value>
         <object_component_ref idref="oc-3f4"/>
      </symbol>
      <symbol id="sm-e21">
         <name>_c_int00_noargs</name>
         <value>0x4a40</value>
         <object_component_ref idref="oc-435"/>
      </symbol>
      <symbol id="sm-e22">
         <name>_reset_vector</name>
         <value>0xfffe</value>
         <object_component_ref idref="oc-3f7"/>
      </symbol>
      <symbol id="sm-e40">
         <name>__TI_auto_init_nobinit_nopinit_hold_wdt</name>
         <value>0x18df6</value>
         <object_component_ref idref="oc-664"/>
      </symbol>
      <symbol id="sm-e49">
         <name>_system_post_cinit</name>
         <value>0x12f3a</value>
         <object_component_ref idref="oc-775"/>
      </symbol>
      <symbol id="sm-e53">
         <name>C$$EXIT</name>
         <value>0x197f2</value>
         <object_component_ref idref="oc-640"/>
      </symbol>
      <symbol id="sm-e54">
         <name>abort</name>
         <value>0x197f2</value>
         <object_component_ref idref="oc-640"/>
      </symbol>
      <symbol id="sm-1024">
         <name>__TI_printfi</name>
         <value>0x1487c</value>
         <object_component_ref idref="oc-6af"/>
      </symbol>
      <symbol id="sm-102e">
         <name>__mspabi_remu</name>
         <value>0x19604</value>
         <object_component_ref idref="oc-8df"/>
      </symbol>
      <symbol id="sm-102f">
         <name>__mspabi_divu</name>
         <value>0x19604</value>
         <object_component_ref idref="oc-8df"/>
      </symbol>
      <symbol id="sm-103d">
         <name>__mspabi_remul</name>
         <value>0x18d46</value>
         <object_component_ref idref="oc-9ad"/>
      </symbol>
      <symbol id="sm-103e">
         <name>__mspabi_divul</name>
         <value>0x18d46</value>
         <object_component_ref idref="oc-9ad"/>
      </symbol>
      <symbol id="sm-1047">
         <name>__mspabi_sral_15</name>
         <value>0x190e2</value>
         <object_component_ref idref="oc-a86"/>
      </symbol>
      <symbol id="sm-1048">
         <name>__mspabi_sral_14</name>
         <value>0x190e6</value>
         <object_component_ref idref="oc-a86"/>
      </symbol>
      <symbol id="sm-1049">
         <name>__mspabi_sral_13</name>
         <value>0x190ea</value>
         <object_component_ref idref="oc-a86"/>
      </symbol>
      <symbol id="sm-104a">
         <name>__mspabi_sral_12</name>
         <value>0x190ee</value>
         <object_component_ref idref="oc-a86"/>
      </symbol>
      <symbol id="sm-104b">
         <name>__mspabi_sral_11</name>
         <value>0x190f2</value>
         <object_component_ref idref="oc-a86"/>
      </symbol>
      <symbol id="sm-104c">
         <name>__mspabi_sral_10</name>
         <value>0x190f6</value>
         <object_component_ref idref="oc-a86"/>
      </symbol>
      <symbol id="sm-104d">
         <name>__mspabi_sral_8</name>
         <value>0x190fe</value>
         <object_component_ref idref="oc-a86"/>
      </symbol>
      <symbol id="sm-104e">
         <name>__mspabi_sral_9</name>
         <value>0x190fa</value>
         <object_component_ref idref="oc-a86"/>
      </symbol>
      <symbol id="sm-104f">
         <name>__mspabi_sral_6</name>
         <value>0x19106</value>
         <object_component_ref idref="oc-a86"/>
      </symbol>
      <symbol id="sm-1050">
         <name>__mspabi_sral_7</name>
         <value>0x19102</value>
         <object_component_ref idref="oc-a86"/>
      </symbol>
      <symbol id="sm-1051">
         <name>__mspabi_sral_4</name>
         <value>0x1910e</value>
         <object_component_ref idref="oc-a86"/>
      </symbol>
      <symbol id="sm-1052">
         <name>__mspabi_sral_5</name>
         <value>0x1910a</value>
         <object_component_ref idref="oc-a86"/>
      </symbol>
      <symbol id="sm-1053">
         <name>__mspabi_sral_2</name>
         <value>0x19116</value>
         <object_component_ref idref="oc-a86"/>
      </symbol>
      <symbol id="sm-1054">
         <name>__mspabi_sral_3</name>
         <value>0x19112</value>
         <object_component_ref idref="oc-a86"/>
      </symbol>
      <symbol id="sm-1055">
         <name>__mspabi_sral_1</name>
         <value>0x1911a</value>
         <object_component_ref idref="oc-a86"/>
      </symbol>
      <symbol id="sm-1061">
         <name>__mspabi_remli</name>
         <value>0x190a2</value>
         <object_component_ref idref="oc-a7d"/>
      </symbol>
      <symbol id="sm-1062">
         <name>__mspabi_divli</name>
         <value>0x190a2</value>
         <object_component_ref idref="oc-a7d"/>
      </symbol>
      <symbol id="sm-1072">
         <name>__mspabi_sllll</name>
         <value>0x191d8</value>
         <object_component_ref idref="oc-694"/>
      </symbol>
      <symbol id="sm-107e">
         <name>__mspabi_remull</name>
         <value>0x18e4a</value>
         <object_component_ref idref="oc-a07"/>
      </symbol>
      <symbol id="sm-1093">
         <name>__mspabi_cvtdf</name>
         <value>0x1810c</value>
         <object_component_ref idref="oc-95d"/>
      </symbol>
      <symbol id="sm-10cd">
         <name>__mspabi_addd</name>
         <value>0x10e64</value>
         <object_component_ref idref="oc-57c"/>
      </symbol>
      <symbol id="sm-10dd">
         <name>__mspabi_fixdul</name>
         <value>0x18a34</value>
         <object_component_ref idref="oc-591"/>
      </symbol>
      <symbol id="sm-10ea">
         <name>__mspabi_srall</name>
         <value>0x19062</value>
         <object_component_ref idref="oc-68e"/>
      </symbol>
   </symbol_table>
   <title>Link successful</title>
</link_info>
